******************************************************************************
                  TI ARM Linker PC v16.9.1                     
******************************************************************************
>> Linked Thu Oct 05 12:51:58 2017

OUTPUT FILE NAME:   <lab1.out>
ENTRY POINT SYMBOL: "_c_int00"  address: 00002349


MEMORY CONFIGURATION

         name            origin    length      used     unused   attr    fill
----------------------  --------  ---------  --------  --------  ----  --------
  FLASH                 00000000   00040000  000027b0  0003d850  R  X
  SRAM                  20000000   00008000  00000470  00007b90  RW X


SEGMENT ALLOCATION MAP

run origin  load origin   length   init length attrs members
----------  ----------- ---------- ----------- ----- -------
00000000    00000000    000027b0   000027b0    r-x
  00000000    00000000    0000026c   0000026c    r-- .intvecs
  0000026c    0000026c    000023d6   000023d6    r-x .text
  00002642    00002642    00000136   00000136    r-- .const
  00002778    00002778    00000038   00000038    r-- .cinit
20000000    20000000    00000470   00000000    rw-
  20000000    20000000    00000400   00000000    rw- .stack
  20000400    20000400    00000054   00000000    rw- .bss
  20000454    20000454    0000001c   00000000    rw- .data


SECTION ALLOCATION MAP

 output                                  attributes/
section   page    origin      length       input sections
--------  ----  ----------  ----------   ----------------
.intvecs   0    00000000    0000026c     
                  00000000    0000026c     tm4c123gh6pm_startup_ccs.obj (.intvecs)

.text      0    0000026c    000023d6     
                  0000026c    0000113e     rtsv7M4_T_le_v4SPD16_eabi.lib : _printfi.obj (.text)
                  000013aa    00000002                                   : mpu_init.obj (.text)
                  000013ac    000002ec     lcd.obj (.text)
                  00001698    000001f4     rtsv7M4_T_le_v4SPD16_eabi.lib : ull_div_t2.obj (.text)
                  0000188c    000001b6                                   : fd_add_t2.obj (.text)
                  00001a42    00000002                                   : startup.obj (.text)
                  00001a44    00000158     timer.obj (.text)
                  00001b9c    00000136     rtsv7M4_T_le_v4SPD16_eabi.lib : fd_div_t2.obj (.text)
                  00001cd2    000000fc                                   : fd_mul_t2.obj (.text)
                  00001dce    00000002     --HOLE-- [fill = 0]
                  00001dd0    000000fc                                   : s_scalbn.obj (.text)
                  00001ecc    0000009c                                   : memcpy_t2.obj (.text)
                  00001f68    00000094     helloworld.obj (.text)
                  00001ffc    00000088     rtsv7M4_T_le_v4SPD16_eabi.lib : vsnprintf.obj (.text)
                  00002084    00000086                                   : fd_cmp_t2.obj (.text:__aeabi_cdcmple)
                  0000210a    00000086                                   : fd_cmp_t2.obj (.text:__aeabi_cdrcmple)
                  00002190    0000007a                                   : memset_t2.obj (.text)
                  0000220a    00000002     --HOLE-- [fill = 0]
                  0000220c    00000070                                   : autoinit.obj (.text)
                  0000227c    00000068                                   : copy_decompress_lzss.obj (.text:decompress:lzss)
                  000022e4    00000064                                   : s_frexp.obj (.text)
                  00002348    00000054                                   : boot.obj (.text)
                  0000239c    00000054                                   : exit.obj (.text)
                  000023f0    00000054                                   : ltoa.obj (.text)
                  00002444    0000004c                                   : atoi.obj (.text)
                  00002490    0000004c                                   : cpy_tbl.obj (.text)
                  000024dc    00000048                                   : fd_toi_t2.obj (.text)
                  00002524    0000002e                                   : i_tofd_t2.obj (.text)
                  00002552    0000001c                                   : memccpy.obj (.text)
                  0000256e    00000002     --HOLE-- [fill = 0]
                  00002570    00000018                                   : args_main.obj (.text)
                  00002588    00000018                                   : strcmp.obj (.text)
                  000025a0    00000016                                   : strchr.obj (.text)
                  000025b6    00000002     --HOLE-- [fill = 0]
                  000025b8    00000014                                   : _lock.obj (.text)
                  000025cc    00000014                                   : s_copysign.obj (.text)
                  000025e0    00000014                                   : strcpy.obj (.text)
                  000025f4    00000014                                   : strlen.obj (.text)
                  00002608    00000010     lcd.obj (.text:lcd_clear)
                  00002618    0000000e     rtsv7M4_T_le_v4SPD16_eabi.lib : copy_decompress_none.obj (.text:decompress:none)
                  00002626    0000000c                                   : copy_zero_init.obj (.text:decompress:ZI)
                  00002632    0000000c     tm4c123gh6pm_startup_ccs.obj (.text)
                  0000263e    00000004     rtsv7M4_T_le_v4SPD16_eabi.lib : pre_init.obj (.text)

.const     0    00002642    00000136     
                  00002642    00000101     rtsv7M4_T_le_v4SPD16_eabi.lib : ctype.obj (.const:.string:_ctypes_)
                  00002743    00000018     helloworld.obj (.const:.string:$P$T0$1)
                  0000275b    00000015     helloworld.obj (.const:.string:$P$T1$2)
                  00002770    00000004     lcd.obj (.const:.string:lineAddress$1)
                  00002774    00000004     lcd.obj (.const:.string:lineAddresses$2)

.cinit     0    00002778    00000038     
                  00002778    00000011     (.cinit..data.load) [load image, compression = lzss]
                  00002789    00000003     --HOLE-- [fill = 0]
                  0000278c    0000000c     (__TI_handler_table)
                  00002798    00000008     (.cinit..bss.load) [load image, compression = zero_init]
                  000027a0    00000010     (__TI_cinit_table)

.init_array 
*          0    00000000    00000000     UNINITIALIZED

.stack     0    20000000    00000400     UNINITIALIZED
                  20000000    00000400     --HOLE--

.bss       0    20000400    00000054     UNINITIALIZED
                  20000400    00000054     lcd.obj (.bss:lastbuffer$3)

.data      0    20000454    0000001c     UNINITIALIZED
                  20000454    0000000c     rtsv7M4_T_le_v4SPD16_eabi.lib : exit.obj (.data:$O1$$)
                  20000460    00000008                                   : _lock.obj (.data:$O1$$)
                  20000468    00000004                                   : errno.obj (.data)
                  2000046c    00000004                                   : stkdepth_vars.obj (.data)

MODULE SUMMARY

       Module                         code   ro data   rw data
       ------                         ----   -------   -------
    .\
       lcd.obj                        764    8         84     
       tm4c123gh6pm_startup_ccs.obj   12     620       0      
       timer.obj                      344    0         0      
       helloworld.obj                 148    45        0      
    +--+------------------------------+------+---------+---------+
       Total:                         1268   673       84     
                                                              
    C:\ti\ccsv7\tools\compiler\ti-cgt-arm_16.9.1.LTS\lib\rtsv7M4_T_le_v4SPD16_eabi.lib
       _printfi.obj                   4414   0         0      
       ull_div_t2.obj                 500    0         0      
       fd_add_t2.obj                  438    0         0      
       fd_div_t2.obj                  310    0         0      
       fd_cmp_t2.obj                  268    0         0      
       ctype.obj                      0      257       0      
       fd_mul_t2.obj                  252    0         0      
       s_scalbn.obj                   252    0         0      
       memcpy_t2.obj                  156    0         0      
       vsnprintf.obj                  136    0         0      
       memset_t2.obj                  122    0         0      
       autoinit.obj                   112    0         0      
       copy_decompress_lzss.obj       104    0         0      
       s_frexp.obj                    100    0         0      
       exit.obj                       84     0         12     
       boot.obj                       84     0         0      
       ltoa.obj                       84     0         0      
       atoi.obj                       76     0         0      
       cpy_tbl.obj                    76     0         0      
       fd_toi_t2.obj                  72     0         0      
       i_tofd_t2.obj                  46     0         0      
       _lock.obj                      20     0         8      
       memccpy.obj                    28     0         0      
       args_main.obj                  24     0         0      
       strcmp.obj                     24     0         0      
       strchr.obj                     22     0         0      
       s_copysign.obj                 20     0         0      
       strcpy.obj                     20     0         0      
       strlen.obj                     20     0         0      
       copy_decompress_none.obj       14     0         0      
       copy_zero_init.obj             12     0         0      
       errno.obj                      0      0         4      
       pre_init.obj                   4      0         0      
       stkdepth_vars.obj              0      0         4      
       mpu_init.obj                   2      0         0      
       startup.obj                    2      0         0      
    +--+------------------------------+------+---------+---------+
       Total:                         7898   257       28     
                                                              
       Stack:                         0      0         1024   
       Linker Generated:              0      53        0      
    +--+------------------------------+------+---------+---------+
       Grand Total:                   9166   983       1136   


LINKER GENERATED COPY TABLES

__TI_cinit_table @ 000027a0 records: 2, size/record: 8, table size: 16
	.data: load addr=00002778, load size=00000011 bytes, run addr=20000454, run size=0000001c bytes, compression=lzss
	.bss: load addr=00002798, load size=00000008 bytes, run addr=20000400, run size=00000054 bytes, compression=zero_init


LINKER GENERATED HANDLER TABLE

__TI_handler_table @ 0000278c records: 3, size/record: 4, table size: 12
	index: 0, handler: __TI_decompress_lzss
	index: 1, handler: __TI_decompress_none
	index: 2, handler: __TI_zero_init


GLOBAL SYMBOLS: SORTED ALPHABETICALLY BY Name 

address   name                           
-------   ----                           
0000239d  C$$EXIT                        
00002633  ResetISR                       
UNDEFED   SHT$$INIT_ARRAY$$Base          
UNDEFED   SHT$$INIT_ARRAY$$Limit         
20000400  __STACK_END                    
00000400  __STACK_SIZE                   
20000200  __STACK_TOP                    
000027a0  __TI_CINIT_Base                
000027b0  __TI_CINIT_Limit               
0000278c  __TI_Handler_Table_Base        
00002798  __TI_Handler_Table_Limit       
0000220d  __TI_auto_init                 
20000454  __TI_cleanup_ptr               
0000227d  __TI_decompress_lzss           
00002619  __TI_decompress_none           
20000458  __TI_dtors_ptr                 
2000045c  __TI_enable_exit_profile_output
ffffffff  __TI_pprof_out_hndl            
00000ab1  __TI_printfi                   
ffffffff  __TI_prof_data_size            
ffffffff  __TI_prof_data_start           
00000000  __TI_static_base__             
00002627  __TI_zero_init                 
00002085  __aeabi_cdcmpeq                
00002085  __aeabi_cdcmple                
0000210b  __aeabi_cdrcmple               
000024dd  __aeabi_d2iz                   
00001897  __aeabi_dadd                   
00001b9d  __aeabi_ddiv                   
00001cd3  __aeabi_dmul                   
0000188d  __aeabi_dsub                   
00002525  __aeabi_i2d                    
00002191  __aeabi_memclr                 
00002191  __aeabi_memclr4                
00002191  __aeabi_memclr8                
00001ecd  __aeabi_memcpy                 
00001ecd  __aeabi_memcpy4                
00001ecd  __aeabi_memcpy8                
00002193  __aeabi_memset                 
00002193  __aeabi_memset4                
00002193  __aeabi_memset8                
00001699  __aeabi_uldivmod               
ffffffff  __binit__                      
ffffffff  __c_args__                     
000013ab  __mpu_init                     
20000000  __stack                        
00002571  _args_main                     
00002349  _c_int00                       
00002642  _ctypes_                       
20000460  _lock                          
000025c7  _nop                           
000025bf  _register_lock                 
000025b9  _register_unlock               
00001a43  _system_post_cinit             
0000263f  _system_pre_init               
20000464  _unlock                        
000023a1  abort                          
00002445  atoi                           
ffffffff  binit                          
00002491  copy_in                        
000025cd  copysign                       
000025cd  copysignl                      
20000468  errno                          
000023a9  exit                           
000022e5  frexp                          
000022e5  frexpl                         
00000000  g_pfnVectors                   
00002609  lcd_clear                      
00001545  lcd_gotoLine                   
000013ad  lcd_init                       
000015ab  lcd_printf                     
0000146d  lcd_putc                       
000014a5  lcd_puts                       
000014c3  lcd_sendCommand                
00001501  lcd_sendNibble                 
0000156d  lcd_setCursorPos               
00001dd1  ldexp                          
00001dd1  ldexpl                         
000023f1  ltoa                           
00001f69  main                           
2000046c  main_func_sp                   
00002553  memccpy                        
00001ecd  memcpy                         
00002199  memset                         
00001dd1  scalbn                         
00001dd1  scalbnl                        
000025a1  strchr                         
00002589  strcmp                         
000025e1  strcpy                         
000025f5  strlen                         
00001b55  timer_getClock                 
00001b09  timer_startClock               
00001aa3  timer_startTimer               
00001b5b  timer_stopClock                
00001af3  timer_stopTimer                
00001a79  timer_waitMicros               
00001a45  timer_waitMillis               
00001ffd  vsnprintf                      


GLOBAL SYMBOLS: SORTED BY Symbol Address 

address   name                           
-------   ----                           
00000000  __TI_static_base__             
00000000  g_pfnVectors                   
00000400  __STACK_SIZE                   
00000ab1  __TI_printfi                   
000013ab  __mpu_init                     
000013ad  lcd_init                       
0000146d  lcd_putc                       
000014a5  lcd_puts                       
000014c3  lcd_sendCommand                
00001501  lcd_sendNibble                 
00001545  lcd_gotoLine                   
0000156d  lcd_setCursorPos               
000015ab  lcd_printf                     
00001699  __aeabi_uldivmod               
0000188d  __aeabi_dsub                   
00001897  __aeabi_dadd                   
00001a43  _system_post_cinit             
00001a45  timer_waitMillis               
00001a79  timer_waitMicros               
00001aa3  timer_startTimer               
00001af3  timer_stopTimer                
00001b09  timer_startClock               
00001b55  timer_getClock                 
00001b5b  timer_stopClock                
00001b9d  __aeabi_ddiv                   
00001cd3  __aeabi_dmul                   
00001dd1  ldexp                          
00001dd1  ldexpl                         
00001dd1  scalbn                         
00001dd1  scalbnl                        
00001ecd  __aeabi_memcpy                 
00001ecd  __aeabi_memcpy4                
00001ecd  __aeabi_memcpy8                
00001ecd  memcpy                         
00001f69  main                           
00001ffd  vsnprintf                      
00002085  __aeabi_cdcmpeq                
00002085  __aeabi_cdcmple                
0000210b  __aeabi_cdrcmple               
00002191  __aeabi_memclr                 
00002191  __aeabi_memclr4                
00002191  __aeabi_memclr8                
00002193  __aeabi_memset                 
00002193  __aeabi_memset4                
00002193  __aeabi_memset8                
00002199  memset                         
0000220d  __TI_auto_init                 
0000227d  __TI_decompress_lzss           
000022e5  frexp                          
000022e5  frexpl                         
00002349  _c_int00                       
0000239d  C$$EXIT                        
000023a1  abort                          
000023a9  exit                           
000023f1  ltoa                           
00002445  atoi                           
00002491  copy_in                        
000024dd  __aeabi_d2iz                   
00002525  __aeabi_i2d                    
00002553  memccpy                        
00002571  _args_main                     
00002589  strcmp                         
000025a1  strchr                         
000025b9  _register_unlock               
000025bf  _register_lock                 
000025c7  _nop                           
000025cd  copysign                       
000025cd  copysignl                      
000025e1  strcpy                         
000025f5  strlen                         
00002609  lcd_clear                      
00002619  __TI_decompress_none           
00002627  __TI_zero_init                 
00002633  ResetISR                       
0000263f  _system_pre_init               
00002642  _ctypes_                       
0000278c  __TI_Handler_Table_Base        
00002798  __TI_Handler_Table_Limit       
000027a0  __TI_CINIT_Base                
000027b0  __TI_CINIT_Limit               
20000000  __stack                        
20000200  __STACK_TOP                    
20000400  __STACK_END                    
20000454  __TI_cleanup_ptr               
20000458  __TI_dtors_ptr                 
2000045c  __TI_enable_exit_profile_output
20000460  _lock                          
20000464  _unlock                        
20000468  errno                          
2000046c  main_func_sp                   
ffffffff  __TI_pprof_out_hndl            
ffffffff  __TI_prof_data_size            
ffffffff  __TI_prof_data_start           
ffffffff  __binit__                      
ffffffff  __c_args__                     
ffffffff  binit                          
UNDEFED   SHT$$INIT_ARRAY$$Base          
UNDEFED   SHT$$INIT_ARRAY$$Limit         

[98 symbols]
