******************************************************************************
                  TI ARM Linker PC v16.9.1                     
******************************************************************************
>> Linked Thu Sep 14 12:43:02 2017

OUTPUT FILE NAME:   <lab2.out>
ENTRY POINT SYMBOL: "_c_int00"  address: 000018c9


MEMORY CONFIGURATION

         name            origin    length      used     unused   attr    fill
----------------------  --------  ---------  --------  --------  ----  --------
  FLASH                 00000000   00040000  00001b8b  0003e475  R  X
  SRAM                  20000000   00008000  00000eb8  00007148  RW X


SEGMENT ALLOCATION MAP

run origin  load origin   length   init length attrs members
----------  ----------- ---------- ----------- ----- -------
00000000    00000000    00001b90   00001b90    r-x
  00000000    00000000    0000026c   0000026c    r-- .intvecs
  0000026c    0000026c    000018c0   000018c0    r-x .text
  00001b2c    00001b2c    0000000f   0000000f    r-- .const
  00001b40    00001b40    00000050   00000050    r-- .cinit
20000000    20000000    00000ebc   00000000    rw-
  20000000    20000000    0000026c   00000000    rw- .vtable
  20000270    20000270    00000800   00000000    rw- .sysmem
  20000a70    20000a70    00000400   00000000    rw- .stack
  20000e70    20000e70    00000034   00000000    rw- .data
  20000ea4    20000ea4    00000018   00000000    rw- .bss


SECTION ALLOCATION MAP

 output                                  attributes/
section   page    origin      length       input sections
--------  ----  ----------  ----------   ----------------
.intvecs   0    00000000    0000026c     
                  00000000    0000026c     tm4c123gh6pm_startup_ccs.obj (.intvecs)

.text      0    0000026c    000018c0     
                  0000026c    00000a98     open_interface.obj (.text)
                  00000d04    000003d0     rtsv7M4_T_le_v4SPD16_eabi.lib : memory.obj (.text)
                  000010d4    0000027c     movement.obj (.text)
                  00001350    00000158     timer.obj (.text)
                  000014a8    00000136     rtsv7M4_T_le_v4SPD16_eabi.lib : fd_div_t2.obj (.text)
                  000015de    000000fc                                   : fd_mul_t2.obj (.text)
                  000016da    0000009c                                   : memcpy_t2.obj (.text)
                  00001776    0000007a                                   : memset_t2.obj (.text)
                  000017f0    00000070                                   : autoinit.obj (.text)
                  00001860    00000068                                   : copy_decompress_lzss.obj (.text:decompress:lzss)
                  000018c8    00000054                                   : boot.obj (.text)
                  0000191c    00000054                                   : exit.obj (.text)
                  00001970    0000004c                                   : cpy_tbl.obj (.text)
                  000019bc    00000048                                   : fd_toi_t2.obj (.text)
                  00001a04    00000034     driverlib.lib : interrupt.obj (.text:IntRegister)
                  00001a38    0000002e     rtsv7M4_T_le_v4SPD16_eabi.lib : i_tofd_t2.obj (.text)
                  00001a66    00000020     main.obj (.text)
                  00001a86    00000018     open_interface.obj (.text:oi_parseInt)
                  00001a9e    00000002     rtsv7M4_T_le_v4SPD16_eabi.lib : mpu_init.obj (.text)
                  00001aa0    00000018                                   : args_main.obj (.text)
                  00001ab8    00000018                                   : strcmp.obj (.text)
                  00001ad0    00000014                                   : _lock.obj (.text)
                  00001ae4    00000010     driverlib.lib : interrupt.obj (.text:IntMasterEnable)
                  00001af4    0000000e     rtsv7M4_T_le_v4SPD16_eabi.lib : copy_decompress_none.obj (.text:decompress:none)
                  00001b02    0000000c     driverlib.lib : cpu.obj (.text:CPUcpsie)
                  00001b0e    0000000c     rtsv7M4_T_le_v4SPD16_eabi.lib : copy_zero_init.obj (.text:decompress:ZI)
                  00001b1a    0000000c     tm4c123gh6pm_startup_ccs.obj (.text)
                  00001b26    00000004     rtsv7M4_T_le_v4SPD16_eabi.lib : pre_init.obj (.text)
                  00001b2a    00000002                                   : startup.obj (.text)

.const     0    00001b2c    0000000f     
                  00001b2c    0000000f     open_interface.obj (.const:.string:$P$T0$3)

.cinit     0    00001b40    00000050     
                  00001b40    0000001c     (.cinit..data.load) [load image, compression = lzss]
                  00001b5c    0000000c     (__TI_handler_table)
                  00001b68    00000008     (.cinit..bss.load) [load image, compression = zero_init]
                  00001b70    00000008     (.cinit..vtable.load) [load image, compression = zero_init]
                  00001b78    00000018     (__TI_cinit_table)

.init_array 
*          0    00000000    00000000     UNINITIALIZED

.vtable    0    20000000    0000026c     UNINITIALIZED
                  20000000    0000026c     driverlib.lib : interrupt.obj (.vtable)

.sysmem    0    20000270    00000800     UNINITIALIZED
                  20000270    00000008     rtsv7M4_T_le_v4SPD16_eabi.lib : memory.obj (.sysmem)
                  20000278    000007f8     --HOLE--

.stack     0    20000a70    00000400     UNINITIALIZED
                  20000a70    00000400     --HOLE--

.data      0    20000e70    00000034     UNINITIALIZED
                  20000e70    00000010     open_interface.obj (.data)
                  20000e80    0000000c     rtsv7M4_T_le_v4SPD16_eabi.lib : exit.obj (.data:$O1$$)
                  20000e8c    0000000c                                   : memory.obj (.data:$O1$$)
                  20000e98    00000008                                   : _lock.obj (.data:$O1$$)
                  20000ea0    00000004                                   : stkdepth_vars.obj (.data)

.bss       0    20000ea4    00000018     UNINITIALIZED
                  20000ea4    00000018     open_interface.obj (.bss:firmware$2)

MODULE SUMMARY

       Module                         code   ro data   rw data
       ------                         ----   -------   -------
    .\
       open_interface.obj             2736   15        40     
       movement.obj                   636    0         0      
       tm4c123gh6pm_startup_ccs.obj   12     620       0      
       timer.obj                      344    0         0      
       main.obj                       32     0         0      
    +--+------------------------------+------+---------+---------+
       Total:                         3760   635       40     
                                                              
    C:/ti/TivaWare_C_Series-2.1.2.111/driverlib/ccs/Debug/driverlib.lib
       interrupt.obj                  68     0         620    
       cpu.obj                        12     0         0      
    +--+------------------------------+------+---------+---------+
       Total:                         80     0         620    
                                                              
    C:\ti\ccsv7\tools\compiler\ti-cgt-arm_16.9.1.LTS\lib\rtsv7M4_T_le_v4SPD16_eabi.lib
       memory.obj                     976    0         12     
       fd_div_t2.obj                  310    0         0      
       fd_mul_t2.obj                  252    0         0      
       memcpy_t2.obj                  156    0         0      
       memset_t2.obj                  122    0         0      
       autoinit.obj                   112    0         0      
       copy_decompress_lzss.obj       104    0         0      
       exit.obj                       84     0         12     
       boot.obj                       84     0         0      
       cpy_tbl.obj                    76     0         0      
       fd_toi_t2.obj                  72     0         0      
       i_tofd_t2.obj                  46     0         0      
       _lock.obj                      20     0         8      
       args_main.obj                  24     0         0      
       strcmp.obj                     24     0         0      
       copy_decompress_none.obj       14     0         0      
       copy_zero_init.obj             12     0         0      
       pre_init.obj                   4      0         0      
       stkdepth_vars.obj              0      0         4      
       mpu_init.obj                   2      0         0      
       startup.obj                    2      0         0      
    +--+------------------------------+------+---------+---------+
       Total:                         2496   0         36     
                                                              
       Heap:                          0      0         2048   
       Stack:                         0      0         1024   
       Linker Generated:              0      80        0      
    +--+------------------------------+------+---------+---------+
       Grand Total:                   6336   715       3768   


LINKER GENERATED COPY TABLES

__TI_cinit_table @ 00001b78 records: 3, size/record: 8, table size: 24
	.data: load addr=00001b40, load size=0000001c bytes, run addr=20000e70, run size=00000034 bytes, compression=lzss
	.bss: load addr=00001b68, load size=00000008 bytes, run addr=20000ea4, run size=00000018 bytes, compression=zero_init
	.vtable: load addr=00001b70, load size=00000008 bytes, run addr=20000000, run size=0000026c bytes, compression=zero_init


LINKER GENERATED HANDLER TABLE

__TI_handler_table @ 00001b5c records: 3, size/record: 4, table size: 12
	index: 0, handler: __TI_zero_init
	index: 1, handler: __TI_decompress_lzss
	index: 2, handler: __TI_decompress_none


GLOBAL SYMBOLS: SORTED ALPHABETICALLY BY Name 

address   name                           
-------   ----                           
0000191d  C$$EXIT                        
00001b03  CPUcpsie                       
00000b6b  GPIOF_Handler                  
00001ae5  IntMasterEnable                
00001a05  IntRegister                    
00001b1b  ResetISR                       
UNDEFED   SHT$$INIT_ARRAY$$Base          
UNDEFED   SHT$$INIT_ARRAY$$Limit         
20000e70  __STACK_END                    
00000400  __STACK_SIZE                   
20000c70  __STACK_TOP                    
00000800  __SYSMEM_SIZE                  
00001b78  __TI_CINIT_Base                
00001b90  __TI_CINIT_Limit               
00001b5c  __TI_Handler_Table_Base        
00001b68  __TI_Handler_Table_Limit       
000017f1  __TI_auto_init                 
20000e80  __TI_cleanup_ptr               
00001861  __TI_decompress_lzss           
00001af5  __TI_decompress_none           
20000e84  __TI_dtors_ptr                 
20000e88  __TI_enable_exit_profile_output
ffffffff  __TI_pprof_out_hndl            
ffffffff  __TI_prof_data_size            
ffffffff  __TI_prof_data_start           
00000000  __TI_static_base__             
00001b0f  __TI_zero_init                 
000019bd  __aeabi_d2iz                   
000014a9  __aeabi_ddiv                   
000015df  __aeabi_dmul                   
00001a39  __aeabi_i2d                    
00001777  __aeabi_memclr                 
00001777  __aeabi_memclr4                
00001777  __aeabi_memclr8                
000016db  __aeabi_memcpy                 
000016db  __aeabi_memcpy4                
000016db  __aeabi_memcpy8                
00001779  __aeabi_memset                 
00001779  __aeabi_memset4                
00001779  __aeabi_memset8                
ffffffff  __binit__                      
ffffffff  __c_args__                     
00001a9f  __mpu_init                     
20000a70  __stack                        
00001aa1  _args_main                     
000018c9  _c_int00                       
20000e98  _lock                          
00001adf  _nop                           
00001ad7  _register_lock                 
00001ad1  _register_unlock               
20000270  _sys_memory                    
00001b2b  _system_post_cinit             
00001b27  _system_pre_init               
20000e9c  _unlock                        
00001921  abort                          
ffffffff  binit                          
000010a5  calloc                         
000011a1  collision_avoidance            
00001971  copy_in                        
00001929  exit                           
00000def  free                           
20000000  g_pfnRAMVectors                
00000000  g_pfnVectors                   
00000b9d  getDegrees                     
00000919  go_charge                      
00001a67  main                           
20000ea0  main_func_sp                   
00000d85  malloc                         
00000fb9  memalign                       
000016db  memcpy                         
0000177f  memset                         
00000d05  minit                          
000010d5  move                           
0000026d  oi_alloc                       
00000a43  oi_checkFirmware               
000002c3  oi_close                       
00000279  oi_free                        
000002ad  oi_init                        
00000289  oi_init_noupdate               
000008af  oi_loadSong                    
00001a87  oi_parseInt                    
00000327  oi_parsePacket                 
00000905  oi_play_song                   
00000829  oi_setLeds                     
0000086d  oi_setWheels                   
00000af9  oi_shutoff_init                
00000927  oi_uartInit                    
000009cb  oi_uartReceive                 
00000a11  oi_uartSendBuff                
000009af  oi_uartSendChar                
000009f3  oi_uartSendStr                 
000002d5  oi_update                      
00000eb1  realloc                        
000012e9  square                         
00001ab9  strcmp                         
00001461  timer_getClock                 
00001415  timer_startClock               
000013af  timer_startTimer               
00001467  timer_stopClock                
000013ff  timer_stopTimer                
00001385  timer_waitMicros               
00001351  timer_waitMillis               
00001141  turn                           


GLOBAL SYMBOLS: SORTED BY Symbol Address 

address   name                           
-------   ----                           
00000000  __TI_static_base__             
00000000  g_pfnVectors                   
0000026d  oi_alloc                       
00000279  oi_free                        
00000289  oi_init_noupdate               
000002ad  oi_init                        
000002c3  oi_close                       
000002d5  oi_update                      
00000327  oi_parsePacket                 
00000400  __STACK_SIZE                   
00000800  __SYSMEM_SIZE                  
00000829  oi_setLeds                     
0000086d  oi_setWheels                   
000008af  oi_loadSong                    
00000905  oi_play_song                   
00000919  go_charge                      
00000927  oi_uartInit                    
000009af  oi_uartSendChar                
000009cb  oi_uartReceive                 
000009f3  oi_uartSendStr                 
00000a11  oi_uartSendBuff                
00000a43  oi_checkFirmware               
00000af9  oi_shutoff_init                
00000b6b  GPIOF_Handler                  
00000b9d  getDegrees                     
00000d05  minit                          
00000d85  malloc                         
00000def  free                           
00000eb1  realloc                        
00000fb9  memalign                       
000010a5  calloc                         
000010d5  move                           
00001141  turn                           
000011a1  collision_avoidance            
000012e9  square                         
00001351  timer_waitMillis               
00001385  timer_waitMicros               
000013af  timer_startTimer               
000013ff  timer_stopTimer                
00001415  timer_startClock               
00001461  timer_getClock                 
00001467  timer_stopClock                
000014a9  __aeabi_ddiv                   
000015df  __aeabi_dmul                   
000016db  __aeabi_memcpy                 
000016db  __aeabi_memcpy4                
000016db  __aeabi_memcpy8                
000016db  memcpy                         
00001777  __aeabi_memclr                 
00001777  __aeabi_memclr4                
00001777  __aeabi_memclr8                
00001779  __aeabi_memset                 
00001779  __aeabi_memset4                
00001779  __aeabi_memset8                
0000177f  memset                         
000017f1  __TI_auto_init                 
00001861  __TI_decompress_lzss           
000018c9  _c_int00                       
0000191d  C$$EXIT                        
00001921  abort                          
00001929  exit                           
00001971  copy_in                        
000019bd  __aeabi_d2iz                   
00001a05  IntRegister                    
00001a39  __aeabi_i2d                    
00001a67  main                           
00001a87  oi_parseInt                    
00001a9f  __mpu_init                     
00001aa1  _args_main                     
00001ab9  strcmp                         
00001ad1  _register_unlock               
00001ad7  _register_lock                 
00001adf  _nop                           
00001ae5  IntMasterEnable                
00001af5  __TI_decompress_none           
00001b03  CPUcpsie                       
00001b0f  __TI_zero_init                 
00001b1b  ResetISR                       
00001b27  _system_pre_init               
00001b2b  _system_post_cinit             
00001b5c  __TI_Handler_Table_Base        
00001b68  __TI_Handler_Table_Limit       
00001b78  __TI_CINIT_Base                
00001b90  __TI_CINIT_Limit               
20000000  g_pfnRAMVectors                
20000270  _sys_memory                    
20000a70  __stack                        
20000c70  __STACK_TOP                    
20000e70  __STACK_END                    
20000e80  __TI_cleanup_ptr               
20000e84  __TI_dtors_ptr                 
20000e88  __TI_enable_exit_profile_output
20000e98  _lock                          
20000e9c  _unlock                        
20000ea0  main_func_sp                   
ffffffff  __TI_pprof_out_hndl            
ffffffff  __TI_prof_data_size            
ffffffff  __TI_prof_data_start           
ffffffff  __binit__                      
ffffffff  __c_args__                     
ffffffff  binit                          
UNDEFED   SHT$$INIT_ARRAY$$Base          
UNDEFED   SHT$$INIT_ARRAY$$Limit         

[103 symbols]
