<?xml version="1.0"?>
<link_info>
   <banner>TI ARM Linker PC v16.9.4.LTS</banner>
   <copyright>Copyright (c) 1996-2017 Texas Instruments Incorporated</copyright>
   <link_time>0x5a27735c</link_time>
   <link_errors>0x0</link_errors>
   <output_file>PizzaPlanet2.out</output_file>
   <entry_point>
      <name>_c_int00</name>
      <address>0x58dd</address>
   </entry_point>
   <input_file_list>
      <input_file id="fl-2">
         <path>.\</path>
         <kind>object</kind>
         <file>IR.obj</file>
         <name>IR.obj</name>
      </input_file>
      <input_file id="fl-3">
         <path>.\</path>
         <kind>object</kind>
         <file>Timer.obj</file>
         <name>Timer.obj</name>
      </input_file>
      <input_file id="fl-4">
         <path>.\</path>
         <kind>object</kind>
         <file>WiFi.obj</file>
         <name>WiFi.obj</name>
      </input_file>
      <input_file id="fl-5">
         <path>.\</path>
         <kind>object</kind>
         <file>button.obj</file>
         <name>button.obj</name>
      </input_file>
      <input_file id="fl-6">
         <path>.\</path>
         <kind>object</kind>
         <file>lcd.obj</file>
         <name>lcd.obj</name>
      </input_file>
      <input_file id="fl-7">
         <path>.\</path>
         <kind>object</kind>
         <file>main.obj</file>
         <name>main.obj</name>
      </input_file>
      <input_file id="fl-8">
         <path>.\</path>
         <kind>object</kind>
         <file>movement.obj</file>
         <name>movement.obj</name>
      </input_file>
      <input_file id="fl-9">
         <path>.\</path>
         <kind>object</kind>
         <file>open_interface.obj</file>
         <name>open_interface.obj</name>
      </input_file>
      <input_file id="fl-a">
         <path>.\</path>
         <kind>object</kind>
         <file>ping.obj</file>
         <name>ping.obj</name>
      </input_file>
      <input_file id="fl-b">
         <path>.\</path>
         <kind>object</kind>
         <file>scan.obj</file>
         <name>scan.obj</name>
      </input_file>
      <input_file id="fl-c">
         <path>.\</path>
         <kind>object</kind>
         <file>servo.obj</file>
         <name>servo.obj</name>
      </input_file>
      <input_file id="fl-d">
         <path>.\</path>
         <kind>object</kind>
         <file>tm4c123gh6pm_startup_ccs.obj</file>
         <name>tm4c123gh6pm_startup_ccs.obj</name>
      </input_file>
      <input_file id="fl-e">
         <path>.\</path>
         <kind>object</kind>
         <file>uart.obj</file>
         <name>uart.obj</name>
      </input_file>
      <input_file id="fl-13">
         <kind>object</kind>
         <file>&lt;internal&gt;</file>
         <name>&lt;internal&gt;</name>
      </input_file>
      <input_file id="fl-c9">
         <path>C:\ti\ccsv7\tools\compiler\ti-cgt-arm_16.9.4.LTS\lib\</path>
         <kind>archive</kind>
         <file>rtsv7M4_T_le_v4SPD16_eabi.lib</file>
         <name>boot.obj</name>
      </input_file>
      <input_file id="fl-ca">
         <path>C:\ti\ccsv7\tools\compiler\ti-cgt-arm_16.9.4.LTS\lib\</path>
         <kind>archive</kind>
         <file>rtsv7M4_T_le_v4SPD16_eabi.lib</file>
         <name>copy_decompress_lzss.obj</name>
      </input_file>
      <input_file id="fl-cb">
         <path>C:\ti\ccsv7\tools\compiler\ti-cgt-arm_16.9.4.LTS\lib\</path>
         <kind>archive</kind>
         <file>rtsv7M4_T_le_v4SPD16_eabi.lib</file>
         <name>copy_decompress_none.obj</name>
      </input_file>
      <input_file id="fl-cc">
         <path>C:\ti\ccsv7\tools\compiler\ti-cgt-arm_16.9.4.LTS\lib\</path>
         <kind>archive</kind>
         <file>rtsv7M4_T_le_v4SPD16_eabi.lib</file>
         <name>copy_zero_init.obj</name>
      </input_file>
      <input_file id="fl-cd">
         <path>C:\ti\ccsv7\tools\compiler\ti-cgt-arm_16.9.4.LTS\lib\</path>
         <kind>archive</kind>
         <file>rtsv7M4_T_le_v4SPD16_eabi.lib</file>
         <name>e_pow.obj</name>
      </input_file>
      <input_file id="fl-ce">
         <path>C:\ti\ccsv7\tools\compiler\ti-cgt-arm_16.9.4.LTS\lib\</path>
         <kind>archive</kind>
         <file>rtsv7M4_T_le_v4SPD16_eabi.lib</file>
         <name>e_sqrt.obj</name>
      </input_file>
      <input_file id="fl-cf">
         <path>C:\ti\ccsv7\tools\compiler\ti-cgt-arm_16.9.4.LTS\lib\</path>
         <kind>archive</kind>
         <file>rtsv7M4_T_le_v4SPD16_eabi.lib</file>
         <name>errno.obj</name>
      </input_file>
      <input_file id="fl-d0">
         <path>C:\ti\ccsv7\tools\compiler\ti-cgt-arm_16.9.4.LTS\lib\</path>
         <kind>archive</kind>
         <file>rtsv7M4_T_le_v4SPD16_eabi.lib</file>
         <name>exit.obj</name>
      </input_file>
      <input_file id="fl-d1">
         <path>C:\ti\ccsv7\tools\compiler\ti-cgt-arm_16.9.4.LTS\lib\</path>
         <kind>archive</kind>
         <file>rtsv7M4_T_le_v4SPD16_eabi.lib</file>
         <name>fd_add_t2.obj</name>
      </input_file>
      <input_file id="fl-d2">
         <path>C:\ti\ccsv7\tools\compiler\ti-cgt-arm_16.9.4.LTS\lib\</path>
         <kind>archive</kind>
         <file>rtsv7M4_T_le_v4SPD16_eabi.lib</file>
         <name>fd_cmp_t2.obj</name>
      </input_file>
      <input_file id="fl-d3">
         <path>C:\ti\ccsv7\tools\compiler\ti-cgt-arm_16.9.4.LTS\lib\</path>
         <kind>archive</kind>
         <file>rtsv7M4_T_le_v4SPD16_eabi.lib</file>
         <name>fd_div_t2.obj</name>
      </input_file>
      <input_file id="fl-d4">
         <path>C:\ti\ccsv7\tools\compiler\ti-cgt-arm_16.9.4.LTS\lib\</path>
         <kind>archive</kind>
         <file>rtsv7M4_T_le_v4SPD16_eabi.lib</file>
         <name>fd_mul_t2.obj</name>
      </input_file>
      <input_file id="fl-d5">
         <path>C:\ti\ccsv7\tools\compiler\ti-cgt-arm_16.9.4.LTS\lib\</path>
         <kind>archive</kind>
         <file>rtsv7M4_T_le_v4SPD16_eabi.lib</file>
         <name>fd_toi_t2.obj</name>
      </input_file>
      <input_file id="fl-d6">
         <path>C:\ti\ccsv7\tools\compiler\ti-cgt-arm_16.9.4.LTS\lib\</path>
         <kind>archive</kind>
         <file>rtsv7M4_T_le_v4SPD16_eabi.lib</file>
         <name>fd_tos_t2.obj</name>
      </input_file>
      <input_file id="fl-d7">
         <path>C:\ti\ccsv7\tools\compiler\ti-cgt-arm_16.9.4.LTS\lib\</path>
         <kind>archive</kind>
         <file>rtsv7M4_T_le_v4SPD16_eabi.lib</file>
         <name>fs_tod_t2.obj</name>
      </input_file>
      <input_file id="fl-d8">
         <path>C:\ti\ccsv7\tools\compiler\ti-cgt-arm_16.9.4.LTS\lib\</path>
         <kind>archive</kind>
         <file>rtsv7M4_T_le_v4SPD16_eabi.lib</file>
         <name>i_tofd_t2.obj</name>
      </input_file>
      <input_file id="fl-d9">
         <path>C:\ti\ccsv7\tools\compiler\ti-cgt-arm_16.9.4.LTS\lib\</path>
         <kind>archive</kind>
         <file>rtsv7M4_T_le_v4SPD16_eabi.lib</file>
         <name>memcpy_t2.obj</name>
      </input_file>
      <input_file id="fl-da">
         <path>C:\ti\ccsv7\tools\compiler\ti-cgt-arm_16.9.4.LTS\lib\</path>
         <kind>archive</kind>
         <file>rtsv7M4_T_le_v4SPD16_eabi.lib</file>
         <name>memory.obj</name>
      </input_file>
      <input_file id="fl-db">
         <path>C:\ti\ccsv7\tools\compiler\ti-cgt-arm_16.9.4.LTS\lib\</path>
         <kind>archive</kind>
         <file>rtsv7M4_T_le_v4SPD16_eabi.lib</file>
         <name>memset_t2.obj</name>
      </input_file>
      <input_file id="fl-dc">
         <path>C:\ti\ccsv7\tools\compiler\ti-cgt-arm_16.9.4.LTS\lib\</path>
         <kind>archive</kind>
         <file>rtsv7M4_T_le_v4SPD16_eabi.lib</file>
         <name>mpu_init.obj</name>
      </input_file>
      <input_file id="fl-dd">
         <path>C:\ti\ccsv7\tools\compiler\ti-cgt-arm_16.9.4.LTS\lib\</path>
         <kind>archive</kind>
         <file>rtsv7M4_T_le_v4SPD16_eabi.lib</file>
         <name>pre_init.obj</name>
      </input_file>
      <input_file id="fl-de">
         <path>C:\ti\ccsv7\tools\compiler\ti-cgt-arm_16.9.4.LTS\lib\</path>
         <kind>archive</kind>
         <file>rtsv7M4_T_le_v4SPD16_eabi.lib</file>
         <name>s_scalbn.obj</name>
      </input_file>
      <input_file id="fl-df">
         <path>C:\ti\ccsv7\tools\compiler\ti-cgt-arm_16.9.4.LTS\lib\</path>
         <kind>archive</kind>
         <file>rtsv7M4_T_le_v4SPD16_eabi.lib</file>
         <name>s_sin.obj</name>
      </input_file>
      <input_file id="fl-e0">
         <path>C:\ti\ccsv7\tools\compiler\ti-cgt-arm_16.9.4.LTS\lib\</path>
         <kind>archive</kind>
         <file>rtsv7M4_T_le_v4SPD16_eabi.lib</file>
         <name>sprintf.obj</name>
      </input_file>
      <input_file id="fl-e1">
         <path>C:\ti\ccsv7\tools\compiler\ti-cgt-arm_16.9.4.LTS\lib\</path>
         <kind>archive</kind>
         <file>rtsv7M4_T_le_v4SPD16_eabi.lib</file>
         <name>stkdepth_vars.obj</name>
      </input_file>
      <input_file id="fl-e2">
         <path>C:\ti\ccsv7\tools\compiler\ti-cgt-arm_16.9.4.LTS\lib\</path>
         <kind>archive</kind>
         <file>rtsv7M4_T_le_v4SPD16_eabi.lib</file>
         <name>strcmp.obj</name>
      </input_file>
      <input_file id="fl-e3">
         <path>C:\ti\ccsv7\tools\compiler\ti-cgt-arm_16.9.4.LTS\lib\</path>
         <kind>archive</kind>
         <file>rtsv7M4_T_le_v4SPD16_eabi.lib</file>
         <name>strcpy.obj</name>
      </input_file>
      <input_file id="fl-e4">
         <path>C:\ti\ccsv7\tools\compiler\ti-cgt-arm_16.9.4.LTS\lib\</path>
         <kind>archive</kind>
         <file>rtsv7M4_T_le_v4SPD16_eabi.lib</file>
         <name>strlen.obj</name>
      </input_file>
      <input_file id="fl-e5">
         <path>C:\ti\ccsv7\tools\compiler\ti-cgt-arm_16.9.4.LTS\lib\</path>
         <kind>archive</kind>
         <file>rtsv7M4_T_le_v4SPD16_eabi.lib</file>
         <name>u_tofd_t2.obj</name>
      </input_file>
      <input_file id="fl-e6">
         <path>C:\ti\ccsv7\tools\compiler\ti-cgt-arm_16.9.4.LTS\lib\</path>
         <kind>archive</kind>
         <file>rtsv7M4_T_le_v4SPD16_eabi.lib</file>
         <name>vsnprintf.obj</name>
      </input_file>
      <input_file id="fl-e7">
         <path>C:\ti\ccsv7\tools\compiler\ti-cgt-arm_16.9.4.LTS\lib\</path>
         <kind>archive</kind>
         <file>rtsv7M4_T_le_v4SPD16_eabi.lib</file>
         <name>_lock.obj</name>
      </input_file>
      <input_file id="fl-e8">
         <path>C:\ti\ccsv7\tools\compiler\ti-cgt-arm_16.9.4.LTS\lib\</path>
         <kind>archive</kind>
         <file>rtsv7M4_T_le_v4SPD16_eabi.lib</file>
         <name>_printfi.obj</name>
      </input_file>
      <input_file id="fl-e9">
         <path>C:\ti\ccsv7\tools\compiler\ti-cgt-arm_16.9.4.LTS\lib\</path>
         <kind>archive</kind>
         <file>rtsv7M4_T_le_v4SPD16_eabi.lib</file>
         <name>args_main.obj</name>
      </input_file>
      <input_file id="fl-ea">
         <path>C:\ti\ccsv7\tools\compiler\ti-cgt-arm_16.9.4.LTS\lib\</path>
         <kind>archive</kind>
         <file>rtsv7M4_T_le_v4SPD16_eabi.lib</file>
         <name>atoi.obj</name>
      </input_file>
      <input_file id="fl-eb">
         <path>C:\ti\ccsv7\tools\compiler\ti-cgt-arm_16.9.4.LTS\lib\</path>
         <kind>archive</kind>
         <file>rtsv7M4_T_le_v4SPD16_eabi.lib</file>
         <name>autoinit.obj</name>
      </input_file>
      <input_file id="fl-ec">
         <path>C:\ti\ccsv7\tools\compiler\ti-cgt-arm_16.9.4.LTS\lib\</path>
         <kind>archive</kind>
         <file>rtsv7M4_T_le_v4SPD16_eabi.lib</file>
         <name>cpy_tbl.obj</name>
      </input_file>
      <input_file id="fl-ed">
         <path>C:\ti\ccsv7\tools\compiler\ti-cgt-arm_16.9.4.LTS\lib\</path>
         <kind>archive</kind>
         <file>rtsv7M4_T_le_v4SPD16_eabi.lib</file>
         <name>ctype.obj</name>
      </input_file>
      <input_file id="fl-ee">
         <path>C:\ti\ccsv7\tools\compiler\ti-cgt-arm_16.9.4.LTS\lib\</path>
         <kind>archive</kind>
         <file>rtsv7M4_T_le_v4SPD16_eabi.lib</file>
         <name>k_cos.obj</name>
      </input_file>
      <input_file id="fl-ef">
         <path>C:\ti\ccsv7\tools\compiler\ti-cgt-arm_16.9.4.LTS\lib\</path>
         <kind>archive</kind>
         <file>rtsv7M4_T_le_v4SPD16_eabi.lib</file>
         <name>k_rem_pio2.obj</name>
      </input_file>
      <input_file id="fl-f0">
         <path>C:\ti\ccsv7\tools\compiler\ti-cgt-arm_16.9.4.LTS\lib\</path>
         <kind>archive</kind>
         <file>rtsv7M4_T_le_v4SPD16_eabi.lib</file>
         <name>k_sin.obj</name>
      </input_file>
      <input_file id="fl-f1">
         <path>C:\ti\ccsv7\tools\compiler\ti-cgt-arm_16.9.4.LTS\lib\</path>
         <kind>archive</kind>
         <file>rtsv7M4_T_le_v4SPD16_eabi.lib</file>
         <name>ltoa.obj</name>
      </input_file>
      <input_file id="fl-f2">
         <path>C:\ti\ccsv7\tools\compiler\ti-cgt-arm_16.9.4.LTS\lib\</path>
         <kind>archive</kind>
         <file>rtsv7M4_T_le_v4SPD16_eabi.lib</file>
         <name>memccpy.obj</name>
      </input_file>
      <input_file id="fl-f3">
         <path>C:\ti\ccsv7\tools\compiler\ti-cgt-arm_16.9.4.LTS\lib\</path>
         <kind>archive</kind>
         <file>rtsv7M4_T_le_v4SPD16_eabi.lib</file>
         <name>s_copysign.obj</name>
      </input_file>
      <input_file id="fl-f4">
         <path>C:\ti\ccsv7\tools\compiler\ti-cgt-arm_16.9.4.LTS\lib\</path>
         <kind>archive</kind>
         <file>rtsv7M4_T_le_v4SPD16_eabi.lib</file>
         <name>s_floor.obj</name>
      </input_file>
      <input_file id="fl-f5">
         <path>C:\ti\ccsv7\tools\compiler\ti-cgt-arm_16.9.4.LTS\lib\</path>
         <kind>archive</kind>
         <file>rtsv7M4_T_le_v4SPD16_eabi.lib</file>
         <name>s_frexp.obj</name>
      </input_file>
      <input_file id="fl-f6">
         <path>C:\ti\ccsv7\tools\compiler\ti-cgt-arm_16.9.4.LTS\lib\</path>
         <kind>archive</kind>
         <file>rtsv7M4_T_le_v4SPD16_eabi.lib</file>
         <name>startup.obj</name>
      </input_file>
      <input_file id="fl-f7">
         <path>C:\ti\ccsv7\tools\compiler\ti-cgt-arm_16.9.4.LTS\lib\</path>
         <kind>archive</kind>
         <file>rtsv7M4_T_le_v4SPD16_eabi.lib</file>
         <name>strchr.obj</name>
      </input_file>
      <input_file id="fl-f8">
         <path>C:\ti\ccsv7\tools\compiler\ti-cgt-arm_16.9.4.LTS\lib\</path>
         <kind>archive</kind>
         <file>rtsv7M4_T_le_v4SPD16_eabi.lib</file>
         <name>ull_div_t2.obj</name>
      </input_file>
      <input_file id="fl-f9">
         <path>C:\ti\TivaWare_C_Series-2.1.2.111\driverlib\ccs\Debug\</path>
         <kind>archive</kind>
         <file>driverlib.lib</file>
         <name>interrupt.obj</name>
      </input_file>
      <input_file id="fl-fa">
         <path>C:\ti\TivaWare_C_Series-2.1.2.111\driverlib\ccs\Debug\</path>
         <kind>archive</kind>
         <file>driverlib.lib</file>
         <name>cpu.obj</name>
      </input_file>
   </input_file_list>
   <object_component_list>
      <object_component id="oc-f">
         <name>.intvecs</name>
         <load_address>0x0</load_address>
         <run_address>0x0</run_address>
         <size>0x26c</size>
         <input_file_ref idref="fl-d"/>
      </object_component>
      <object_component id="oc-20d">
         <name>.text</name>
         <load_address>0x26c</load_address>
         <run_address>0x26c</run_address>
         <size>0x113e</size>
         <input_file_ref idref="fl-e8"/>
      </object_component>
      <object_component id="oc-5a">
         <name>.text</name>
         <load_address>0x13aa</load_address>
         <run_address>0x13aa</run_address>
         <size>0x2</size>
         <input_file_ref idref="fl-dc"/>
      </object_component>
      <object_component id="oc-de">
         <name>.text</name>
         <load_address>0x13ac</load_address>
         <run_address>0x13ac</run_address>
         <size>0xa98</size>
         <input_file_ref idref="fl-9"/>
      </object_component>
      <object_component id="oc-1a3">
         <name>.text</name>
         <load_address>0x1e44</load_address>
         <run_address>0x1e44</run_address>
         <size>0x9ac</size>
         <input_file_ref idref="fl-cd"/>
      </object_component>
      <object_component id="oc-261">
         <name>.text</name>
         <load_address>0x27f0</load_address>
         <run_address>0x27f0</run_address>
         <size>0x738</size>
         <input_file_ref idref="fl-ef"/>
      </object_component>
      <object_component id="oc-1cf">
         <name>.text</name>
         <load_address>0x2f28</load_address>
         <run_address>0x2f28</run_address>
         <size>0x5c4</size>
         <input_file_ref idref="fl-df"/>
      </object_component>
      <object_component id="oc-138">
         <name>.text</name>
         <load_address>0x34ec</load_address>
         <run_address>0x34ec</run_address>
         <size>0x3d0</size>
         <input_file_ref idref="fl-da"/>
      </object_component>
      <object_component id="oc-10e">
         <name>.text</name>
         <load_address>0x38bc</load_address>
         <run_address>0x38bc</run_address>
         <size>0x3c4</size>
         <input_file_ref idref="fl-b"/>
      </object_component>
      <object_component id="oc-e4">
         <name>.text</name>
         <load_address>0x3c80</load_address>
         <run_address>0x3c80</run_address>
         <size>0x2ec</size>
         <input_file_ref idref="fl-6"/>
      </object_component>
      <object_component id="oc-27b">
         <name>.text</name>
         <load_address>0x3f6c</load_address>
         <run_address>0x3f6c</run_address>
         <size>0x1f4</size>
         <input_file_ref idref="fl-f8"/>
      </object_component>
      <object_component id="oc-1af">
         <name>.text</name>
         <load_address>0x4160</load_address>
         <run_address>0x4160</run_address>
         <size>0x1b6</size>
         <input_file_ref idref="fl-d1"/>
      </object_component>
      <object_component id="oc-a6">
         <name>.text</name>
         <load_address>0x4316</load_address>
         <run_address>0x4316</run_address>
         <size>0x2</size>
         <input_file_ref idref="fl-f6"/>
      </object_component>
      <object_component id="oc-108">
         <name>.text</name>
         <load_address>0x4318</load_address>
         <run_address>0x4318</run_address>
         <size>0x1ac</size>
         <input_file_ref idref="fl-a"/>
      </object_component>
      <object_component id="oc-fc">
         <name>.text</name>
         <load_address>0x44c4</load_address>
         <run_address>0x44c4</run_address>
         <size>0x180</size>
         <input_file_ref idref="fl-2"/>
      </object_component>
      <object_component id="oc-25b">
         <name>.text</name>
         <load_address>0x4644</load_address>
         <run_address>0x4644</run_address>
         <size>0x174</size>
         <input_file_ref idref="fl-f0"/>
      </object_component>
      <object_component id="oc-22a">
         <name>.text</name>
         <load_address>0x47b8</load_address>
         <run_address>0x47b8</run_address>
         <size>0x170</size>
         <input_file_ref idref="fl-ce"/>
      </object_component>
      <object_component id="oc-267">
         <name>.text</name>
         <load_address>0x4928</load_address>
         <run_address>0x4928</run_address>
         <size>0x16c</size>
         <input_file_ref idref="fl-ee"/>
      </object_component>
      <object_component id="oc-13e">
         <name>.text</name>
         <load_address>0x4a94</load_address>
         <run_address>0x4a94</run_address>
         <size>0x158</size>
         <input_file_ref idref="fl-3"/>
      </object_component>
      <object_component id="oc-16c">
         <name>.text</name>
         <load_address>0x4bec</load_address>
         <run_address>0x4bec</run_address>
         <size>0x136</size>
         <input_file_ref idref="fl-d3"/>
      </object_component>
      <object_component id="oc-102">
         <name>.text</name>
         <load_address>0x4d24</load_address>
         <run_address>0x4d24</run_address>
         <size>0x134</size>
         <input_file_ref idref="fl-c"/>
      </object_component>
      <object_component id="oc-ea">
         <name>.text</name>
         <load_address>0x4e58</load_address>
         <run_address>0x4e58</run_address>
         <size>0x128</size>
         <input_file_ref idref="fl-e"/>
      </object_component>
      <object_component id="oc-167">
         <name>.text</name>
         <load_address>0x4f80</load_address>
         <run_address>0x4f80</run_address>
         <size>0xfc</size>
         <input_file_ref idref="fl-d4"/>
      </object_component>
      <object_component id="oc-240">
         <name>.text</name>
         <load_address>0x507c</load_address>
         <run_address>0x507c</run_address>
         <size>0xfc</size>
         <input_file_ref idref="fl-de"/>
      </object_component>
      <object_component id="oc-f0">
         <name>.text</name>
         <load_address>0x5178</load_address>
         <run_address>0x5178</run_address>
         <size>0xf8</size>
         <input_file_ref idref="fl-5"/>
      </object_component>
      <object_component id="oc-2cd">
         <name>.text</name>
         <load_address>0x5270</load_address>
         <run_address>0x5270</run_address>
         <size>0xf8</size>
         <input_file_ref idref="fl-f4"/>
      </object_component>
      <object_component id="oc-f6">
         <name>.text</name>
         <load_address>0x5368</load_address>
         <run_address>0x5368</run_address>
         <size>0xbc</size>
         <input_file_ref idref="fl-4"/>
      </object_component>
      <object_component id="oc-42">
         <name>.text</name>
         <load_address>0x5424</load_address>
         <run_address>0x5424</run_address>
         <size>0x9c</size>
         <input_file_ref idref="fl-d9"/>
      </object_component>
      <object_component id="oc-17f">
         <name>.text</name>
         <load_address>0x54c0</load_address>
         <run_address>0x54c0</run_address>
         <size>0x88</size>
         <input_file_ref idref="fl-e6"/>
      </object_component>
      <object_component id="oc-236">
         <name>.text:__aeabi_cdcmple</name>
         <load_address>0x5548</load_address>
         <run_address>0x5548</run_address>
         <size>0x86</size>
         <input_file_ref idref="fl-d2"/>
      </object_component>
      <object_component id="oc-23b">
         <name>.text:__aeabi_cdrcmple</name>
         <load_address>0x55ce</load_address>
         <run_address>0x55ce</run_address>
         <size>0x86</size>
         <input_file_ref idref="fl-d2"/>
      </object_component>
      <object_component id="oc-4e">
         <name>.text</name>
         <load_address>0x5654</load_address>
         <run_address>0x5654</run_address>
         <size>0x7a</size>
         <input_file_ref idref="fl-db"/>
      </object_component>
      <object_component id="oc-66">
         <name>.text</name>
         <load_address>0x56d0</load_address>
         <run_address>0x56d0</run_address>
         <size>0x70</size>
         <input_file_ref idref="fl-eb"/>
      </object_component>
      <object_component id="oc-1d5">
         <name>.text</name>
         <load_address>0x5740</load_address>
         <run_address>0x5740</run_address>
         <size>0x6e</size>
         <input_file_ref idref="fl-d6"/>
      </object_component>
      <object_component id="oc-12">
         <name>.text:decompress:lzss</name>
         <load_address>0x57ae</load_address>
         <run_address>0x57ae</run_address>
         <size>0x68</size>
         <input_file_ref idref="fl-ca"/>
      </object_component>
      <object_component id="oc-286">
         <name>.text</name>
         <load_address>0x5818</load_address>
         <run_address>0x5818</run_address>
         <size>0x64</size>
         <input_file_ref idref="fl-f5"/>
      </object_component>
      <object_component id="oc-1c1">
         <name>.text</name>
         <load_address>0x587c</load_address>
         <run_address>0x587c</run_address>
         <size>0x60</size>
         <input_file_ref idref="fl-e0"/>
      </object_component>
      <object_component id="oc-24">
         <name>.text</name>
         <load_address>0x58dc</load_address>
         <run_address>0x58dc</run_address>
         <size>0x54</size>
         <input_file_ref idref="fl-c9"/>
      </object_component>
      <object_component id="oc-72">
         <name>.text</name>
         <load_address>0x5930</load_address>
         <run_address>0x5930</run_address>
         <size>0x54</size>
         <input_file_ref idref="fl-d0"/>
      </object_component>
      <object_component id="oc-280">
         <name>.text</name>
         <load_address>0x5984</load_address>
         <run_address>0x5984</run_address>
         <size>0x54</size>
         <input_file_ref idref="fl-f1"/>
      </object_component>
      <object_component id="oc-292">
         <name>.text</name>
         <load_address>0x59d8</load_address>
         <run_address>0x59d8</run_address>
         <size>0x4c</size>
         <input_file_ref idref="fl-ea"/>
      </object_component>
      <object_component id="oc-a0">
         <name>.text</name>
         <load_address>0x5a24</load_address>
         <run_address>0x5a24</run_address>
         <size>0x4c</size>
         <input_file_ref idref="fl-ec"/>
      </object_component>
      <object_component id="oc-14b">
         <name>.text</name>
         <load_address>0x5a70</load_address>
         <run_address>0x5a70</run_address>
         <size>0x48</size>
         <input_file_ref idref="fl-d5"/>
      </object_component>
      <object_component id="oc-ae">
         <name>.text</name>
         <load_address>0x5ab8</load_address>
         <run_address>0x5ab8</run_address>
         <size>0x3c</size>
         <input_file_ref idref="fl-7"/>
      </object_component>
      <object_component id="oc-1ca">
         <name>.text</name>
         <load_address>0x5af4</load_address>
         <run_address>0x5af4</run_address>
         <size>0x38</size>
         <input_file_ref idref="fl-d7"/>
      </object_component>
      <object_component id="oc-156">
         <name>.text:IntRegister</name>
         <load_address>0x5b2c</load_address>
         <run_address>0x5b2c</run_address>
         <size>0x34</size>
         <input_file_ref idref="fl-f9"/>
      </object_component>
      <object_component id="oc-162">
         <name>.text</name>
         <load_address>0x5b60</load_address>
         <run_address>0x5b60</run_address>
         <size>0x2e</size>
         <input_file_ref idref="fl-d8"/>
      </object_component>
      <object_component id="oc-1aa">
         <name>.text</name>
         <load_address>0x5b8e</load_address>
         <run_address>0x5b8e</run_address>
         <size>0x20</size>
         <input_file_ref idref="fl-e5"/>
      </object_component>
      <object_component id="oc-298">
         <name>.text</name>
         <load_address>0x5bae</load_address>
         <run_address>0x5bae</run_address>
         <size>0x1c</size>
         <input_file_ref idref="fl-f2"/>
      </object_component>
      <object_component id="oc-144">
         <name>.text:oi_parseInt</name>
         <load_address>0x5bca</load_address>
         <run_address>0x5bca</run_address>
         <size>0x18</size>
         <input_file_ref idref="fl-9"/>
      </object_component>
      <object_component id="oc-6c">
         <name>.text</name>
         <load_address>0x5be4</load_address>
         <run_address>0x5be4</run_address>
         <size>0x18</size>
         <input_file_ref idref="fl-e9"/>
      </object_component>
      <object_component id="oc-150">
         <name>.text</name>
         <load_address>0x5bfc</load_address>
         <run_address>0x5bfc</run_address>
         <size>0x18</size>
         <input_file_ref idref="fl-e2"/>
      </object_component>
      <object_component id="oc-28c">
         <name>.text</name>
         <load_address>0x5c14</load_address>
         <run_address>0x5c14</run_address>
         <size>0x16</size>
         <input_file_ref idref="fl-f7"/>
      </object_component>
      <object_component id="oc-120">
         <name>.text</name>
         <load_address>0x5c2c</load_address>
         <run_address>0x5c2c</run_address>
         <size>0x14</size>
         <input_file_ref idref="fl-e7"/>
      </object_component>
      <object_component id="oc-2ba">
         <name>.text</name>
         <load_address>0x5c40</load_address>
         <run_address>0x5c40</run_address>
         <size>0x14</size>
         <input_file_ref idref="fl-f3"/>
      </object_component>
      <object_component id="oc-185">
         <name>.text</name>
         <load_address>0x5c54</load_address>
         <run_address>0x5c54</run_address>
         <size>0x14</size>
         <input_file_ref idref="fl-e3"/>
      </object_component>
      <object_component id="oc-195">
         <name>.text</name>
         <load_address>0x5c68</load_address>
         <run_address>0x5c68</run_address>
         <size>0x14</size>
         <input_file_ref idref="fl-e4"/>
      </object_component>
      <object_component id="oc-15c">
         <name>.text:IntMasterEnable</name>
         <load_address>0x5c7c</load_address>
         <run_address>0x5c7c</run_address>
         <size>0x10</size>
         <input_file_ref idref="fl-f9"/>
      </object_component>
      <object_component id="oc-178">
         <name>.text:lcd_clear</name>
         <load_address>0x5c8c</load_address>
         <run_address>0x5c8c</run_address>
         <size>0x10</size>
         <input_file_ref idref="fl-6"/>
      </object_component>
      <object_component id="oc-18">
         <name>.text:decompress:none</name>
         <load_address>0x5c9c</load_address>
         <run_address>0x5c9c</run_address>
         <size>0xe</size>
         <input_file_ref idref="fl-cb"/>
      </object_component>
      <object_component id="oc-1fa">
         <name>.text:CPUcpsie</name>
         <load_address>0x5caa</load_address>
         <run_address>0x5caa</run_address>
         <size>0xc</size>
         <input_file_ref idref="fl-fa"/>
      </object_component>
      <object_component id="oc-1e">
         <name>.text:decompress:ZI</name>
         <load_address>0x5cb6</load_address>
         <run_address>0x5cb6</run_address>
         <size>0xc</size>
         <input_file_ref idref="fl-cc"/>
      </object_component>
      <object_component id="oc-2e">
         <name>.text</name>
         <load_address>0x5cc2</load_address>
         <run_address>0x5cc2</run_address>
         <size>0xc</size>
         <input_file_ref idref="fl-d"/>
      </object_component>
      <object_component id="oc-60">
         <name>.text</name>
         <load_address>0x5cce</load_address>
         <run_address>0x5cce</run_address>
         <size>0x4</size>
         <input_file_ref idref="fl-dd"/>
      </object_component>
      <object_component id="oc-2d3">
         <name>.const:$O1$$</name>
         <load_address>0x5cd8</load_address>
         <run_address>0x5cd8</run_address>
         <size>0x158</size>
         <input_file_ref idref="fl-ef"/>
      </object_component>
      <object_component id="oc-2e4">
         <name>.const:.string:_ctypes_</name>
         <load_address>0x5e30</load_address>
         <run_address>0x5e30</run_address>
         <size>0x101</size>
         <input_file_ref idref="fl-ed"/>
      </object_component>
      <object_component id="oc-18b">
         <name>.const:.string:lineAddress$1</name>
         <load_address>0x5f31</load_address>
         <run_address>0x5f31</run_address>
         <size>0x4</size>
         <input_file_ref idref="fl-6"/>
      </object_component>
      <object_component id="oc-233">
         <name>.const:$O1$$</name>
         <load_address>0x5f38</load_address>
         <run_address>0x5f38</run_address>
         <size>0x30</size>
         <input_file_ref idref="fl-cd"/>
      </object_component>
      <object_component id="oc-172">
         <name>.const:.string:$P$T0$3</name>
         <load_address>0x5f68</load_address>
         <run_address>0x5f68</run_address>
         <size>0xf</size>
         <input_file_ref idref="fl-9"/>
      </object_component>
      <object_component id="oc-18c">
         <name>.const:.string:lineAddresses$2</name>
         <load_address>0x5f77</load_address>
         <run_address>0x5f77</run_address>
         <size>0x4</size>
         <input_file_ref idref="fl-6"/>
      </object_component>
      <object_component id="oc-334">
         <name>.cinit..data.load</name>
         <load_address>0x5f80</load_address>
         <run_address>0x5f80</run_address>
         <size>0x27</size>
      </object_component>
      <object_component id="oc-331">
         <name>__TI_handler_table</name>
         <load_address>0x5fa8</load_address>
         <run_address>0x5fa8</run_address>
         <size>0xc</size>
      </object_component>
      <object_component id="oc-335">
         <name>.cinit..bss.load</name>
         <load_address>0x5fb8</load_address>
         <run_address>0x5fb8</run_address>
         <size>0x8</size>
      </object_component>
      <object_component id="oc-333">
         <name>.cinit..vtable.load</name>
         <load_address>0x5fc0</load_address>
         <run_address>0x5fc0</run_address>
         <size>0x8</size>
      </object_component>
      <object_component id="oc-332">
         <name>__TI_cinit_table</name>
         <load_address>0x5fc8</load_address>
         <run_address>0x5fc8</run_address>
         <size>0x18</size>
      </object_component>
      <object_component id="oc-1f5">
         <name>.vtable</name>
         <uninitialized>true</uninitialized>
         <run_address>0x20000000</run_address>
         <size>0x26c</size>
         <input_file_ref idref="fl-f9"/>
      </object_component>
      <object_component id="oc-19d">
         <name>.data</name>
         <load_address>0x20000f62</load_address>
         <run_address>0x20000f62</run_address>
         <size>0x1</size>
         <input_file_ref idref="fl-5"/>
      </object_component>
      <object_component id="oc-171">
         <name>.data</name>
         <load_address>0x20000f64</load_address>
         <run_address>0x20000f64</run_address>
         <size>0x10</size>
         <input_file_ref idref="fl-9"/>
      </object_component>
      <object_component id="oc-1c7">
         <name>.data</name>
         <load_address>0x20000f3c</load_address>
         <run_address>0x20000f3c</run_address>
         <size>0x26</size>
         <input_file_ref idref="fl-b"/>
      </object_component>
      <object_component id="oc-230">
         <name>.data</name>
         <load_address>0x20000f94</load_address>
         <run_address>0x20000f94</run_address>
         <size>0x4</size>
         <input_file_ref idref="fl-cf"/>
      </object_component>
      <object_component id="oc-b6">
         <name>.data:$O1$$</name>
         <load_address>0x20000f74</load_address>
         <run_address>0x20000f74</run_address>
         <size>0xc</size>
         <input_file_ref idref="fl-d0"/>
      </object_component>
      <object_component id="oc-1e8">
         <name>.data:$O1$$</name>
         <load_address>0x20000f80</load_address>
         <run_address>0x20000f80</run_address>
         <size>0xc</size>
         <input_file_ref idref="fl-da"/>
      </object_component>
      <object_component id="oc-78">
         <name>.data</name>
         <load_address>0x20000f98</load_address>
         <run_address>0x20000f98</run_address>
         <size>0x4</size>
         <input_file_ref idref="fl-e1"/>
      </object_component>
      <object_component id="oc-b9">
         <name>.data:$O1$$</name>
         <load_address>0x20000f8c</load_address>
         <run_address>0x20000f8c</run_address>
         <size>0x8</size>
         <input_file_ref idref="fl-e7"/>
      </object_component>
      <object_component id="oc-18d">
         <name>.bss:lastbuffer$3</name>
         <uninitialized>true</uninitialized>
         <run_address>0x20000e70</run_address>
         <size>0x54</size>
         <input_file_ref idref="fl-6"/>
      </object_component>
      <object_component id="oc-175">
         <name>.bss:firmware$2</name>
         <uninitialized>true</uninitialized>
         <run_address>0x20000f14</run_address>
         <size>0x18</size>
         <input_file_ref idref="fl-9"/>
      </object_component>
      <object_component id="oc-19e">
         <name>.common:_prevButton</name>
         <uninitialized>true</uninitialized>
         <run_address>0x20000f38</run_address>
         <size>0x1</size>
      </object_component>
      <object_component id="oc-1da">
         <name>.common:buffer</name>
         <uninitialized>true</uninitialized>
         <run_address>0x20000ec4</run_address>
         <size>0x50</size>
      </object_component>
      <object_component id="oc-1b5">
         <name>.common:state</name>
         <uninitialized>true</uninitialized>
         <run_address>0x20000f39</run_address>
         <size>0x1</size>
      </object_component>
      <object_component id="oc-1b9">
         <name>.common:rising_time</name>
         <uninitialized>true</uninitialized>
         <run_address>0x20000f34</run_address>
         <size>0x4</size>
      </object_component>
      <object_component id="oc-1b8">
         <name>.common:falling_time</name>
         <uninitialized>true</uninitialized>
         <run_address>0x20000f30</run_address>
         <size>0x4</size>
      </object_component>
      <object_component id="oc-1ba">
         <name>.common:event_time</name>
         <uninitialized>true</uninitialized>
         <run_address>0x20000f2c</run_address>
         <size>0x4</size>
      </object_component>
      <object_component id="oc-2b">
         <name>.sysmem</name>
         <uninitialized>true</uninitialized>
         <run_address>0x20000270</run_address>
         <size>0x8</size>
         <input_file_ref idref="fl-da"/>
      </object_component>
      <object_component id="oc-337">
         <name>.sysmem</name>
         <uninitialized>true</uninitialized>
         <run_address>0x20000270</run_address>
         <size>0x0</size>
      </object_component>
      <object_component id="oc-2a">
         <name>.stack</name>
         <uninitialized>true</uninitialized>
         <run_address>0x20000a70</run_address>
         <size>0x0</size>
         <input_file_ref idref="fl-c9"/>
      </object_component>
      <object_component id="oc-336">
         <name>.stack</name>
         <uninitialized>true</uninitialized>
         <run_address>0x20000a70</run_address>
         <size>0x0</size>
      </object_component>
      <object_component id="oc-223">
         <name>.debug_info</name>
         <load_address>0x0</load_address>
         <run_address>0x0</run_address>
         <size>0x2f8</size>
         <input_file_ref idref="fl-2"/>
      </object_component>
      <object_component id="oc-fd">
         <name>.debug_info</name>
         <load_address>0x2f8</load_address>
         <run_address>0x2f8</run_address>
         <size>0x255</size>
         <input_file_ref idref="fl-2"/>
      </object_component>
      <object_component id="oc-208">
         <name>.debug_info</name>
         <load_address>0x54d</load_address>
         <run_address>0x54d</run_address>
         <size>0xc8</size>
         <input_file_ref idref="fl-2"/>
      </object_component>
      <object_component id="oc-3d">
         <name>.debug_info</name>
         <load_address>0x615</load_address>
         <run_address>0x615</run_address>
         <size>0x84</size>
         <input_file_ref idref="fl-2"/>
      </object_component>
      <object_component id="oc-83">
         <name>.debug_info</name>
         <load_address>0x699</load_address>
         <run_address>0x699</run_address>
         <size>0x18b</size>
         <input_file_ref idref="fl-2"/>
      </object_component>
      <object_component id="oc-1ed">
         <name>.debug_info</name>
         <load_address>0x824</load_address>
         <run_address>0x824</run_address>
         <size>0x2c</size>
         <input_file_ref idref="fl-2"/>
      </object_component>
      <object_component id="oc-190">
         <name>.debug_info</name>
         <load_address>0x850</load_address>
         <run_address>0x850</run_address>
         <size>0x4e</size>
         <input_file_ref idref="fl-2"/>
      </object_component>
      <object_component id="oc-141">
         <name>.debug_info</name>
         <load_address>0x89e</load_address>
         <run_address>0x89e</run_address>
         <size>0x3e0</size>
         <input_file_ref idref="fl-3"/>
      </object_component>
      <object_component id="oc-f7">
         <name>.debug_info</name>
         <load_address>0xc7e</load_address>
         <run_address>0xc7e</run_address>
         <size>0x1f3</size>
         <input_file_ref idref="fl-4"/>
      </object_component>
      <object_component id="oc-97">
         <name>.debug_info</name>
         <load_address>0xe71</load_address>
         <run_address>0xe71</run_address>
         <size>0x2c</size>
         <input_file_ref idref="fl-4"/>
      </object_component>
      <object_component id="oc-19f">
         <name>.debug_info</name>
         <load_address>0xe9d</load_address>
         <run_address>0xe9d</run_address>
         <size>0x25c</size>
         <input_file_ref idref="fl-5"/>
      </object_component>
      <object_component id="oc-f1">
         <name>.debug_info</name>
         <load_address>0x10f9</load_address>
         <run_address>0x10f9</run_address>
         <size>0x3cb</size>
         <input_file_ref idref="fl-5"/>
      </object_component>
      <object_component id="oc-18f">
         <name>.debug_info</name>
         <load_address>0x14c4</load_address>
         <run_address>0x14c4</run_address>
         <size>0x35f</size>
         <input_file_ref idref="fl-6"/>
      </object_component>
      <object_component id="oc-17a">
         <name>.debug_info</name>
         <load_address>0x1823</load_address>
         <run_address>0x1823</run_address>
         <size>0x110</size>
         <input_file_ref idref="fl-6"/>
      </object_component>
      <object_component id="oc-e6">
         <name>.debug_info</name>
         <load_address>0x1933</load_address>
         <run_address>0x1933</run_address>
         <size>0x82e</size>
         <input_file_ref idref="fl-6"/>
      </object_component>
      <object_component id="oc-115">
         <name>.debug_info</name>
         <load_address>0x2161</load_address>
         <run_address>0x2161</run_address>
         <size>0x51f</size>
         <input_file_ref idref="fl-7"/>
      </object_component>
      <object_component id="oc-b1">
         <name>.debug_info</name>
         <load_address>0x2680</load_address>
         <run_address>0x2680</run_address>
         <size>0x201</size>
         <input_file_ref idref="fl-7"/>
      </object_component>
      <object_component id="oc-1e0">
         <name>.debug_info</name>
         <load_address>0x2881</load_address>
         <run_address>0x2881</run_address>
         <size>0x5aa</size>
         <input_file_ref idref="fl-7"/>
      </object_component>
      <object_component id="oc-177">
         <name>.debug_info</name>
         <load_address>0x2e2b</load_address>
         <run_address>0x2e2b</run_address>
         <size>0x410</size>
         <input_file_ref idref="fl-9"/>
      </object_component>
      <object_component id="oc-173">
         <name>.debug_info</name>
         <load_address>0x323b</load_address>
         <run_address>0x323b</run_address>
         <size>0xc2</size>
         <input_file_ref idref="fl-9"/>
      </object_component>
      <object_component id="oc-145">
         <name>.debug_info</name>
         <load_address>0x32fd</load_address>
         <run_address>0x32fd</run_address>
         <size>0x13a</size>
         <input_file_ref idref="fl-9"/>
      </object_component>
      <object_component id="oc-df">
         <name>.debug_info</name>
         <load_address>0x3437</load_address>
         <run_address>0x3437</run_address>
         <size>0x14d4</size>
         <input_file_ref idref="fl-9"/>
      </object_component>
      <object_component id="oc-1b6">
         <name>.debug_info</name>
         <load_address>0x490b</load_address>
         <run_address>0x490b</run_address>
         <size>0x3be</size>
         <input_file_ref idref="fl-a"/>
      </object_component>
      <object_component id="oc-109">
         <name>.debug_info</name>
         <load_address>0x4cc9</load_address>
         <run_address>0x4cc9</run_address>
         <size>0x2d1</size>
         <input_file_ref idref="fl-a"/>
      </object_component>
      <object_component id="oc-252">
         <name>.debug_info</name>
         <load_address>0x4f9a</load_address>
         <run_address>0x4f9a</run_address>
         <size>0x44</size>
         <input_file_ref idref="fl-a"/>
      </object_component>
      <object_component id="oc-1bc">
         <name>.debug_info</name>
         <load_address>0x4fde</load_address>
         <run_address>0x4fde</run_address>
         <size>0x8b</size>
         <input_file_ref idref="fl-a"/>
      </object_component>
      <object_component id="oc-1db">
         <name>.debug_info</name>
         <load_address>0x5069</load_address>
         <run_address>0x5069</run_address>
         <size>0x3f4</size>
         <input_file_ref idref="fl-b"/>
      </object_component>
      <object_component id="oc-1c8">
         <name>.debug_info</name>
         <load_address>0x545d</load_address>
         <run_address>0x545d</run_address>
         <size>0x2f6</size>
         <input_file_ref idref="fl-b"/>
      </object_component>
      <object_component id="oc-10f">
         <name>.debug_info</name>
         <load_address>0x5753</load_address>
         <run_address>0x5753</run_address>
         <size>0x305</size>
         <input_file_ref idref="fl-b"/>
      </object_component>
      <object_component id="oc-103">
         <name>.debug_info</name>
         <load_address>0x5a58</load_address>
         <run_address>0x5a58</run_address>
         <size>0x2d1</size>
         <input_file_ref idref="fl-c"/>
      </object_component>
      <object_component id="oc-36">
         <name>.debug_info</name>
         <load_address>0x5d29</load_address>
         <run_address>0x5d29</run_address>
         <size>0x285</size>
         <input_file_ref idref="fl-d"/>
      </object_component>
      <object_component id="oc-10">
         <name>.debug_info</name>
         <load_address>0x5fae</load_address>
         <run_address>0x5fae</run_address>
         <size>0xd6</size>
         <input_file_ref idref="fl-d"/>
      </object_component>
      <object_component id="oc-2f">
         <name>.debug_info</name>
         <load_address>0x6084</load_address>
         <run_address>0x6084</run_address>
         <size>0x252</size>
         <input_file_ref idref="fl-d"/>
      </object_component>
      <object_component id="oc-19c">
         <name>.debug_info</name>
         <load_address>0x62d6</load_address>
         <run_address>0x62d6</run_address>
         <size>0x2a5</size>
         <input_file_ref idref="fl-e"/>
      </object_component>
      <object_component id="oc-eb">
         <name>.debug_info</name>
         <load_address>0x657b</load_address>
         <run_address>0x657b</run_address>
         <size>0x270</size>
         <input_file_ref idref="fl-e"/>
      </object_component>
      <object_component id="oc-25">
         <name>.debug_info</name>
         <load_address>0x67eb</load_address>
         <run_address>0x67eb</run_address>
         <size>0x160</size>
         <input_file_ref idref="fl-c9"/>
      </object_component>
      <object_component id="oc-8d">
         <name>.debug_info</name>
         <load_address>0x694b</load_address>
         <run_address>0x694b</run_address>
         <size>0x293</size>
         <input_file_ref idref="fl-ca"/>
      </object_component>
      <object_component id="oc-13">
         <name>.debug_info</name>
         <load_address>0x6bde</load_address>
         <run_address>0x6bde</run_address>
         <size>0x245</size>
         <input_file_ref idref="fl-ca"/>
      </object_component>
      <object_component id="oc-38">
         <name>.debug_info</name>
         <load_address>0x6e23</load_address>
         <run_address>0x6e23</run_address>
         <size>0x60</size>
         <input_file_ref idref="fl-ca"/>
      </object_component>
      <object_component id="oc-88">
         <name>.debug_info</name>
         <load_address>0x6e83</load_address>
         <run_address>0x6e83</run_address>
         <size>0x46</size>
         <input_file_ref idref="fl-ca"/>
      </object_component>
      <object_component id="oc-4d">
         <name>.debug_info</name>
         <load_address>0x6ec9</load_address>
         <run_address>0x6ec9</run_address>
         <size>0x2da</size>
         <input_file_ref idref="fl-cb"/>
      </object_component>
      <object_component id="oc-1a">
         <name>.debug_info</name>
         <load_address>0x71a3</load_address>
         <run_address>0x71a3</run_address>
         <size>0x1df</size>
         <input_file_ref idref="fl-cb"/>
      </object_component>
      <object_component id="oc-48">
         <name>.debug_info</name>
         <load_address>0x7382</load_address>
         <run_address>0x7382</run_address>
         <size>0x46</size>
         <input_file_ref idref="fl-cb"/>
      </object_component>
      <object_component id="oc-8f">
         <name>.debug_info</name>
         <load_address>0x73c8</load_address>
         <run_address>0x73c8</run_address>
         <size>0x2c</size>
         <input_file_ref idref="fl-cb"/>
      </object_component>
      <object_component id="oc-59">
         <name>.debug_info</name>
         <load_address>0x73f4</load_address>
         <run_address>0x73f4</run_address>
         <size>0x2c9</size>
         <input_file_ref idref="fl-cc"/>
      </object_component>
      <object_component id="oc-20">
         <name>.debug_info</name>
         <load_address>0x76bd</load_address>
         <run_address>0x76bd</run_address>
         <size>0x1aa</size>
         <input_file_ref idref="fl-cc"/>
      </object_component>
      <object_component id="oc-54">
         <name>.debug_info</name>
         <load_address>0x7867</load_address>
         <run_address>0x7867</run_address>
         <size>0x46</size>
         <input_file_ref idref="fl-cc"/>
      </object_component>
      <object_component id="oc-24c">
         <name>.debug_info</name>
         <load_address>0x78ad</load_address>
         <run_address>0x78ad</run_address>
         <size>0x39b</size>
         <input_file_ref idref="fl-cd"/>
      </object_component>
      <object_component id="oc-234">
         <name>.debug_info</name>
         <load_address>0x7c48</load_address>
         <run_address>0x7c48</run_address>
         <size>0x11d</size>
         <input_file_ref idref="fl-cd"/>
      </object_component>
      <object_component id="oc-1a7">
         <name>.debug_info</name>
         <load_address>0x7d65</load_address>
         <run_address>0x7d65</run_address>
         <size>0xb75</size>
         <input_file_ref idref="fl-cd"/>
      </object_component>
      <object_component id="oc-247">
         <name>.debug_info</name>
         <load_address>0x88da</load_address>
         <run_address>0x88da</run_address>
         <size>0x39</size>
         <input_file_ref idref="fl-cd"/>
      </object_component>
      <object_component id="oc-2b3">
         <name>.debug_info</name>
         <load_address>0x8913</load_address>
         <run_address>0x8913</run_address>
         <size>0x2e3</size>
         <input_file_ref idref="fl-ce"/>
      </object_component>
      <object_component id="oc-22d">
         <name>.debug_info</name>
         <load_address>0x8bf6</load_address>
         <run_address>0x8bf6</run_address>
         <size>0x240</size>
         <input_file_ref idref="fl-ce"/>
      </object_component>
      <object_component id="oc-231">
         <name>.debug_info</name>
         <load_address>0x8e36</load_address>
         <run_address>0x8e36</run_address>
         <size>0xf3</size>
         <input_file_ref idref="fl-cf"/>
      </object_component>
      <object_component id="oc-bd">
         <name>.debug_info</name>
         <load_address>0x8f29</load_address>
         <run_address>0x8f29</run_address>
         <size>0x3ce</size>
         <input_file_ref idref="fl-d0"/>
      </object_component>
      <object_component id="oc-b7">
         <name>.debug_info</name>
         <load_address>0x92f7</load_address>
         <run_address>0x92f7</run_address>
         <size>0x185</size>
         <input_file_ref idref="fl-d0"/>
      </object_component>
      <object_component id="oc-73">
         <name>.debug_info</name>
         <load_address>0x947c</load_address>
         <run_address>0x947c</run_address>
         <size>0x214</size>
         <input_file_ref idref="fl-d0"/>
      </object_component>
      <object_component id="oc-1b2">
         <name>.debug_info</name>
         <load_address>0x9690</load_address>
         <run_address>0x9690</run_address>
         <size>0x144</size>
         <input_file_ref idref="fl-d1"/>
      </object_component>
      <object_component id="oc-237">
         <name>.debug_info</name>
         <load_address>0x97d4</load_address>
         <run_address>0x97d4</run_address>
         <size>0x120</size>
         <input_file_ref idref="fl-d2"/>
      </object_component>
      <object_component id="oc-23d">
         <name>.debug_info</name>
         <load_address>0x98f4</load_address>
         <run_address>0x98f4</run_address>
         <size>0x122</size>
         <input_file_ref idref="fl-d2"/>
      </object_component>
      <object_component id="oc-16f">
         <name>.debug_info</name>
         <load_address>0x9a16</load_address>
         <run_address>0x9a16</run_address>
         <size>0x132</size>
         <input_file_ref idref="fl-d3"/>
      </object_component>
      <object_component id="oc-169">
         <name>.debug_info</name>
         <load_address>0x9b48</load_address>
         <run_address>0x9b48</run_address>
         <size>0x132</size>
         <input_file_ref idref="fl-d4"/>
      </object_component>
      <object_component id="oc-14e">
         <name>.debug_info</name>
         <load_address>0x9c7a</load_address>
         <run_address>0x9c7a</run_address>
         <size>0x126</size>
         <input_file_ref idref="fl-d5"/>
      </object_component>
      <object_component id="oc-1d8">
         <name>.debug_info</name>
         <load_address>0x9da0</load_address>
         <run_address>0x9da0</run_address>
         <size>0x136</size>
         <input_file_ref idref="fl-d6"/>
      </object_component>
      <object_component id="oc-1cc">
         <name>.debug_info</name>
         <load_address>0x9ed6</load_address>
         <run_address>0x9ed6</run_address>
         <size>0x124</size>
         <input_file_ref idref="fl-d7"/>
      </object_component>
      <object_component id="oc-163">
         <name>.debug_info</name>
         <load_address>0x9ffa</load_address>
         <run_address>0x9ffa</run_address>
         <size>0x124</size>
         <input_file_ref idref="fl-d8"/>
      </object_component>
      <object_component id="oc-44">
         <name>.debug_info</name>
         <load_address>0xa11e</load_address>
         <run_address>0xa11e</run_address>
         <size>0x111</size>
         <input_file_ref idref="fl-d9"/>
      </object_component>
      <object_component id="oc-7e">
         <name>.debug_info</name>
         <load_address>0xa22f</load_address>
         <run_address>0xa22f</run_address>
         <size>0x3bc</size>
         <input_file_ref idref="fl-da"/>
      </object_component>
      <object_component id="oc-2c">
         <name>.debug_info</name>
         <load_address>0xa5eb</load_address>
         <run_address>0xa5eb</run_address>
         <size>0x101</size>
         <input_file_ref idref="fl-da"/>
      </object_component>
      <object_component id="oc-1e9">
         <name>.debug_info</name>
         <load_address>0xa6ec</load_address>
         <run_address>0xa6ec</run_address>
         <size>0x14c</size>
         <input_file_ref idref="fl-da"/>
      </object_component>
      <object_component id="oc-139">
         <name>.debug_info</name>
         <load_address>0xa838</load_address>
         <run_address>0xa838</run_address>
         <size>0x885</size>
         <input_file_ref idref="fl-da"/>
      </object_component>
      <object_component id="oc-c3">
         <name>.debug_info</name>
         <load_address>0xb0bd</load_address>
         <run_address>0xb0bd</run_address>
         <size>0x2c</size>
         <input_file_ref idref="fl-da"/>
      </object_component>
      <object_component id="oc-c8">
         <name>.debug_info</name>
         <load_address>0xb0e9</load_address>
         <run_address>0xb0e9</run_address>
         <size>0x62</size>
         <input_file_ref idref="fl-da"/>
      </object_component>
      <object_component id="oc-4f">
         <name>.debug_info</name>
         <load_address>0xb14b</load_address>
         <run_address>0xb14b</run_address>
         <size>0x13f</size>
         <input_file_ref idref="fl-db"/>
      </object_component>
      <object_component id="oc-5e">
         <name>.debug_info</name>
         <load_address>0xb28a</load_address>
         <run_address>0xb28a</run_address>
         <size>0x138</size>
         <input_file_ref idref="fl-dc"/>
      </object_component>
      <object_component id="oc-61">
         <name>.debug_info</name>
         <load_address>0xb3c2</load_address>
         <run_address>0xb3c2</run_address>
         <size>0x148</size>
         <input_file_ref idref="fl-dd"/>
      </object_component>
      <object_component id="oc-2c1">
         <name>.debug_info</name>
         <load_address>0xb50a</load_address>
         <run_address>0xb50a</run_address>
         <size>0x316</size>
         <input_file_ref idref="fl-de"/>
      </object_component>
      <object_component id="oc-242">
         <name>.debug_info</name>
         <load_address>0xb820</load_address>
         <run_address>0xb820</run_address>
         <size>0x1d5</size>
         <input_file_ref idref="fl-de"/>
      </object_component>
      <object_component id="oc-2c2">
         <name>.debug_info</name>
         <load_address>0xb9f5</load_address>
         <run_address>0xb9f5</run_address>
         <size>0x2c</size>
         <input_file_ref idref="fl-de"/>
      </object_component>
      <object_component id="oc-26e">
         <name>.debug_info</name>
         <load_address>0xba21</load_address>
         <run_address>0xba21</run_address>
         <size>0x3a5</size>
         <input_file_ref idref="fl-df"/>
      </object_component>
      <object_component id="oc-1d2">
         <name>.debug_info</name>
         <load_address>0xbdc6</load_address>
         <run_address>0xbdc6</run_address>
         <size>0x78b</size>
         <input_file_ref idref="fl-df"/>
      </object_component>
      <object_component id="oc-257">
         <name>.debug_info</name>
         <load_address>0xc551</load_address>
         <run_address>0xc551</run_address>
         <size>0x355</size>
         <input_file_ref idref="fl-e0"/>
      </object_component>
      <object_component id="oc-1c3">
         <name>.debug_info</name>
         <load_address>0xc8a6</load_address>
         <run_address>0xc8a6</run_address>
         <size>0x2e4</size>
         <input_file_ref idref="fl-e0"/>
      </object_component>
      <object_component id="oc-215">
         <name>.debug_info</name>
         <load_address>0xcb8a</load_address>
         <run_address>0xcb8a</run_address>
         <size>0x2c</size>
         <input_file_ref idref="fl-e0"/>
      </object_component>
      <object_component id="oc-79">
         <name>.debug_info</name>
         <load_address>0xcbb6</load_address>
         <run_address>0xcbb6</run_address>
         <size>0x109</size>
         <input_file_ref idref="fl-e1"/>
      </object_component>
      <object_component id="oc-1f4">
         <name>.debug_info</name>
         <load_address>0xccbf</load_address>
         <run_address>0xccbf</run_address>
         <size>0x27f</size>
         <input_file_ref idref="fl-e2"/>
      </object_component>
      <object_component id="oc-153">
         <name>.debug_info</name>
         <load_address>0xcf3e</load_address>
         <run_address>0xcf3e</run_address>
         <size>0x258</size>
         <input_file_ref idref="fl-e2"/>
      </object_component>
      <object_component id="oc-220">
         <name>.debug_info</name>
         <load_address>0xd196</load_address>
         <run_address>0xd196</run_address>
         <size>0x28a</size>
         <input_file_ref idref="fl-e3"/>
      </object_component>
      <object_component id="oc-186">
         <name>.debug_info</name>
         <load_address>0xd420</load_address>
         <run_address>0xd420</run_address>
         <size>0x231</size>
         <input_file_ref idref="fl-e3"/>
      </object_component>
      <object_component id="oc-225">
         <name>.debug_info</name>
         <load_address>0xd651</load_address>
         <run_address>0xd651</run_address>
         <size>0x284</size>
         <input_file_ref idref="fl-e4"/>
      </object_component>
      <object_component id="oc-198">
         <name>.debug_info</name>
         <load_address>0xd8d5</load_address>
         <run_address>0xd8d5</run_address>
         <size>0x22a</size>
         <input_file_ref idref="fl-e4"/>
      </object_component>
      <object_component id="oc-1ac">
         <name>.debug_info</name>
         <load_address>0xdaff</load_address>
         <run_address>0xdaff</run_address>
         <size>0x126</size>
         <input_file_ref idref="fl-e5"/>
      </object_component>
      <object_component id="oc-214">
         <name>.debug_info</name>
         <load_address>0xdc25</load_address>
         <run_address>0xdc25</run_address>
         <size>0x362</size>
         <input_file_ref idref="fl-e6"/>
      </object_component>
      <object_component id="oc-180">
         <name>.debug_info</name>
         <load_address>0xdf87</load_address>
         <run_address>0xdf87</run_address>
         <size>0x35c</size>
         <input_file_ref idref="fl-e6"/>
      </object_component>
      <object_component id="oc-21a">
         <name>.debug_info</name>
         <load_address>0xe2e3</load_address>
         <run_address>0xe2e3</run_address>
         <size>0x69</size>
         <input_file_ref idref="fl-e6"/>
      </object_component>
      <object_component id="oc-128">
         <name>.debug_info</name>
         <load_address>0xe34c</load_address>
         <run_address>0xe34c</run_address>
         <size>0x2be</size>
         <input_file_ref idref="fl-e7"/>
      </object_component>
      <object_component id="oc-ba">
         <name>.debug_info</name>
         <load_address>0xe60a</load_address>
         <run_address>0xe60a</run_address>
         <size>0x113</size>
         <input_file_ref idref="fl-e7"/>
      </object_component>
      <object_component id="oc-121">
         <name>.debug_info</name>
         <load_address>0xe71d</load_address>
         <run_address>0xe71d</run_address>
         <size>0x21f</size>
         <input_file_ref idref="fl-e7"/>
      </object_component>
      <object_component id="oc-29f">
         <name>.debug_info</name>
         <load_address>0xe93c</load_address>
         <run_address>0xe93c</run_address>
         <size>0x51f</size>
         <input_file_ref idref="fl-e8"/>
      </object_component>
      <object_component id="oc-20e">
         <name>.debug_info</name>
         <load_address>0xee5b</load_address>
         <run_address>0xee5b</run_address>
         <size>0x1543</size>
         <input_file_ref idref="fl-e8"/>
      </object_component>
      <object_component id="oc-2a0">
         <name>.debug_info</name>
         <load_address>0x1039e</load_address>
         <run_address>0x1039e</run_address>
         <size>0x86</size>
         <input_file_ref idref="fl-e8"/>
      </object_component>
      <object_component id="oc-2ed">
         <name>.debug_info</name>
         <load_address>0x10424</load_address>
         <run_address>0x10424</run_address>
         <size>0x46</size>
         <input_file_ref idref="fl-e8"/>
      </object_component>
      <object_component id="oc-2a5">
         <name>.debug_info</name>
         <load_address>0x1046a</load_address>
         <run_address>0x1046a</run_address>
         <size>0x39</size>
         <input_file_ref idref="fl-e8"/>
      </object_component>
      <object_component id="oc-b5">
         <name>.debug_info</name>
         <load_address>0x104a3</load_address>
         <run_address>0x104a3</run_address>
         <size>0x300</size>
         <input_file_ref idref="fl-e9"/>
      </object_component>
      <object_component id="oc-6f">
         <name>.debug_info</name>
         <load_address>0x107a3</load_address>
         <run_address>0x107a3</run_address>
         <size>0x167</size>
         <input_file_ref idref="fl-e9"/>
      </object_component>
      <object_component id="oc-119">
         <name>.debug_info</name>
         <load_address>0x1090a</load_address>
         <run_address>0x1090a</run_address>
         <size>0x5e</size>
         <input_file_ref idref="fl-e9"/>
      </object_component>
      <object_component id="oc-2e8">
         <name>.debug_info</name>
         <load_address>0x10968</load_address>
         <run_address>0x10968</run_address>
         <size>0x2ae</size>
         <input_file_ref idref="fl-ea"/>
      </object_component>
      <object_component id="oc-295">
         <name>.debug_info</name>
         <load_address>0x10c16</load_address>
         <run_address>0x10c16</run_address>
         <size>0x171</size>
         <input_file_ref idref="fl-ea"/>
      </object_component>
      <object_component id="oc-ad">
         <name>.debug_info</name>
         <load_address>0x10d87</load_address>
         <run_address>0x10d87</run_address>
         <size>0x483</size>
         <input_file_ref idref="fl-eb"/>
      </object_component>
      <object_component id="oc-67">
         <name>.debug_info</name>
         <load_address>0x1120a</load_address>
         <run_address>0x1120a</run_address>
         <size>0x190</size>
         <input_file_ref idref="fl-eb"/>
      </object_component>
      <object_component id="oc-d4">
         <name>.debug_info</name>
         <load_address>0x1139a</load_address>
         <run_address>0x1139a</run_address>
         <size>0x39</size>
         <input_file_ref idref="fl-eb"/>
      </object_component>
      <object_component id="oc-133">
         <name>.debug_info</name>
         <load_address>0x113d3</load_address>
         <run_address>0x113d3</run_address>
         <size>0x39</size>
         <input_file_ref idref="fl-eb"/>
      </object_component>
      <object_component id="oc-d9">
         <name>.debug_info</name>
         <load_address>0x1140c</load_address>
         <run_address>0x1140c</run_address>
         <size>0xcd</size>
         <input_file_ref idref="fl-eb"/>
      </object_component>
      <object_component id="oc-d0">
         <name>.debug_info</name>
         <load_address>0x114d9</load_address>
         <run_address>0x114d9</run_address>
         <size>0x37a</size>
         <input_file_ref idref="fl-ec"/>
      </object_component>
      <object_component id="oc-a4">
         <name>.debug_info</name>
         <load_address>0x11853</load_address>
         <run_address>0x11853</run_address>
         <size>0x183</size>
         <input_file_ref idref="fl-ec"/>
      </object_component>
      <object_component id="oc-12e">
         <name>.debug_info</name>
         <load_address>0x119d6</load_address>
         <run_address>0x119d6</run_address>
         <size>0x2c</size>
         <input_file_ref idref="fl-ec"/>
      </object_component>
      <object_component id="oc-309">
         <name>.debug_info</name>
         <load_address>0x11a02</load_address>
         <run_address>0x11a02</run_address>
         <size>0xee</size>
         <input_file_ref idref="fl-ed"/>
      </object_component>
      <object_component id="oc-2e5">
         <name>.debug_info</name>
         <load_address>0x11af0</load_address>
         <run_address>0x11af0</run_address>
         <size>0xfa</size>
         <input_file_ref idref="fl-ed"/>
      </object_component>
      <object_component id="oc-2da">
         <name>.debug_info</name>
         <load_address>0x11bea</load_address>
         <run_address>0x11bea</run_address>
         <size>0x278</size>
         <input_file_ref idref="fl-ee"/>
      </object_component>
      <object_component id="oc-26b">
         <name>.debug_info</name>
         <load_address>0x11e62</load_address>
         <run_address>0x11e62</run_address>
         <size>0x31c</size>
         <input_file_ref idref="fl-ee"/>
      </object_component>
      <object_component id="oc-2d7">
         <name>.debug_info</name>
         <load_address>0x1217e</load_address>
         <run_address>0x1217e</run_address>
         <size>0x39a</size>
         <input_file_ref idref="fl-ef"/>
      </object_component>
      <object_component id="oc-2d4">
         <name>.debug_info</name>
         <load_address>0x12518</load_address>
         <run_address>0x12518</run_address>
         <size>0x12f</size>
         <input_file_ref idref="fl-ef"/>
      </object_component>
      <object_component id="oc-263">
         <name>.debug_info</name>
         <load_address>0x12647</load_address>
         <run_address>0x12647</run_address>
         <size>0x724</size>
         <input_file_ref idref="fl-ef"/>
      </object_component>
      <object_component id="oc-2cc">
         <name>.debug_info</name>
         <load_address>0x12d6b</load_address>
         <run_address>0x12d6b</run_address>
         <size>0x27d</size>
         <input_file_ref idref="fl-f0"/>
      </object_component>
      <object_component id="oc-25d">
         <name>.debug_info</name>
         <load_address>0x12fe8</load_address>
         <run_address>0x12fe8</run_address>
         <size>0x375</size>
         <input_file_ref idref="fl-f0"/>
      </object_component>
      <object_component id="oc-2df">
         <name>.debug_info</name>
         <load_address>0x1335d</load_address>
         <run_address>0x1335d</run_address>
         <size>0x2e6</size>
         <input_file_ref idref="fl-f1"/>
      </object_component>
      <object_component id="oc-281">
         <name>.debug_info</name>
         <load_address>0x13643</load_address>
         <run_address>0x13643</run_address>
         <size>0x1c2</size>
         <input_file_ref idref="fl-f1"/>
      </object_component>
      <object_component id="oc-2ea">
         <name>.debug_info</name>
         <load_address>0x13805</load_address>
         <run_address>0x13805</run_address>
         <size>0x28b</size>
         <input_file_ref idref="fl-f2"/>
      </object_component>
      <object_component id="oc-299">
         <name>.debug_info</name>
         <load_address>0x13a90</load_address>
         <run_address>0x13a90</run_address>
         <size>0x1ab</size>
         <input_file_ref idref="fl-f2"/>
      </object_component>
      <object_component id="oc-2bc">
         <name>.debug_info</name>
         <load_address>0x13c3b</load_address>
         <run_address>0x13c3b</run_address>
         <size>0x156</size>
         <input_file_ref idref="fl-f3"/>
      </object_component>
      <object_component id="oc-2fa">
         <name>.debug_info</name>
         <load_address>0x13d91</load_address>
         <run_address>0x13d91</run_address>
         <size>0x2ce</size>
         <input_file_ref idref="fl-f4"/>
      </object_component>
      <object_component id="oc-2cf">
         <name>.debug_info</name>
         <load_address>0x1405f</load_address>
         <run_address>0x1405f</run_address>
         <size>0x21f</size>
         <input_file_ref idref="fl-f4"/>
      </object_component>
      <object_component id="oc-2e1">
         <name>.debug_info</name>
         <load_address>0x1427e</load_address>
         <run_address>0x1427e</run_address>
         <size>0x2d9</size>
         <input_file_ref idref="fl-f5"/>
      </object_component>
      <object_component id="oc-287">
         <name>.debug_info</name>
         <load_address>0x14557</load_address>
         <run_address>0x14557</run_address>
         <size>0x18a</size>
         <input_file_ref idref="fl-f5"/>
      </object_component>
      <object_component id="oc-a8">
         <name>.debug_info</name>
         <load_address>0x146e1</load_address>
         <run_address>0x146e1</run_address>
         <size>0x145</size>
         <input_file_ref idref="fl-f6"/>
      </object_component>
      <object_component id="oc-2e3">
         <name>.debug_info</name>
         <load_address>0x14826</load_address>
         <run_address>0x14826</run_address>
         <size>0x28f</size>
         <input_file_ref idref="fl-f7"/>
      </object_component>
      <object_component id="oc-28f">
         <name>.debug_info</name>
         <load_address>0x14ab5</load_address>
         <run_address>0x14ab5</run_address>
         <size>0x244</size>
         <input_file_ref idref="fl-f7"/>
      </object_component>
      <object_component id="oc-27c">
         <name>.debug_info</name>
         <load_address>0x14cf9</load_address>
         <run_address>0x14cf9</run_address>
         <size>0x17d</size>
         <input_file_ref idref="fl-f8"/>
      </object_component>
      <object_component id="oc-1f9">
         <name>.debug_info</name>
         <load_address>0x14e76</load_address>
         <run_address>0x14e76</run_address>
         <size>0x20e</size>
         <input_file_ref idref="fl-f9"/>
      </object_component>
      <object_component id="oc-1f6">
         <name>.debug_info</name>
         <load_address>0x15084</load_address>
         <run_address>0x15084</run_address>
         <size>0x157</size>
         <input_file_ref idref="fl-f9"/>
      </object_component>
      <object_component id="oc-158">
         <name>.debug_info</name>
         <load_address>0x151db</load_address>
         <run_address>0x151db</run_address>
         <size>0x2c1</size>
         <input_file_ref idref="fl-f9"/>
      </object_component>
      <object_component id="oc-15e">
         <name>.debug_info</name>
         <load_address>0x1549c</load_address>
         <run_address>0x1549c</run_address>
         <size>0x23e</size>
         <input_file_ref idref="fl-f9"/>
      </object_component>
      <object_component id="oc-1fe">
         <name>.debug_info</name>
         <load_address>0x156da</load_address>
         <run_address>0x156da</run_address>
         <size>0x212</size>
         <input_file_ref idref="fl-fa"/>
      </object_component>
      <object_component id="oc-338">
         <name>.debug_info</name>
         <load_address>0x158ec</load_address>
         <run_address>0x158ec</run_address>
         <size>0x8c</size>
      </object_component>
      <object_component id="oc-2af">
         <name>.debug_line</name>
         <load_address>0x0</load_address>
         <run_address>0x0</run_address>
         <size>0x84</size>
         <input_file_ref idref="fl-2"/>
      </object_component>
      <object_component id="oc-101">
         <name>.debug_line</name>
         <load_address>0x84</load_address>
         <run_address>0x84</run_address>
         <size>0x96</size>
         <input_file_ref idref="fl-2"/>
      </object_component>
      <object_component id="oc-20b">
         <name>.debug_line</name>
         <load_address>0x11a</load_address>
         <run_address>0x11a</run_address>
         <size>0x64</size>
         <input_file_ref idref="fl-2"/>
      </object_component>
      <object_component id="oc-40">
         <name>.debug_line</name>
         <load_address>0x17e</load_address>
         <run_address>0x17e</run_address>
         <size>0x20</size>
         <input_file_ref idref="fl-2"/>
      </object_component>
      <object_component id="oc-86">
         <name>.debug_line</name>
         <load_address>0x19e</load_address>
         <run_address>0x19e</run_address>
         <size>0x65</size>
         <input_file_ref idref="fl-2"/>
      </object_component>
      <object_component id="oc-1f0">
         <name>.debug_line</name>
         <load_address>0x203</load_address>
         <run_address>0x203</run_address>
         <size>0x43</size>
         <input_file_ref idref="fl-2"/>
      </object_component>
      <object_component id="oc-193">
         <name>.debug_line</name>
         <load_address>0x246</load_address>
         <run_address>0x246</run_address>
         <size>0x65</size>
         <input_file_ref idref="fl-2"/>
      </object_component>
      <object_component id="oc-13f">
         <name>.debug_line</name>
         <load_address>0x2ab</load_address>
         <run_address>0x2ab</run_address>
         <size>0x110</size>
         <input_file_ref idref="fl-3"/>
      </object_component>
      <object_component id="oc-fb">
         <name>.debug_line</name>
         <load_address>0x3bb</load_address>
         <run_address>0x3bb</run_address>
         <size>0x77</size>
         <input_file_ref idref="fl-4"/>
      </object_component>
      <object_component id="oc-9a">
         <name>.debug_line</name>
         <load_address>0x432</load_address>
         <run_address>0x432</run_address>
         <size>0x65</size>
         <input_file_ref idref="fl-4"/>
      </object_component>
      <object_component id="oc-229">
         <name>.debug_line</name>
         <load_address>0x497</load_address>
         <run_address>0x497</run_address>
         <size>0x2f</size>
         <input_file_ref idref="fl-5"/>
      </object_component>
      <object_component id="oc-f5">
         <name>.debug_line</name>
         <load_address>0x4c6</load_address>
         <run_address>0x4c6</run_address>
         <size>0x10e</size>
         <input_file_ref idref="fl-5"/>
      </object_component>
      <object_component id="oc-222">
         <name>.debug_line</name>
         <load_address>0x5d4</load_address>
         <run_address>0x5d4</run_address>
         <size>0xb7</size>
         <input_file_ref idref="fl-6"/>
      </object_component>
      <object_component id="oc-179">
         <name>.debug_line</name>
         <load_address>0x68b</load_address>
         <run_address>0x68b</run_address>
         <size>0x45</size>
         <input_file_ref idref="fl-6"/>
      </object_component>
      <object_component id="oc-e5">
         <name>.debug_line</name>
         <load_address>0x6d0</load_address>
         <run_address>0x6d0</run_address>
         <size>0x192</size>
         <input_file_ref idref="fl-6"/>
      </object_component>
      <object_component id="oc-1df">
         <name>.debug_line</name>
         <load_address>0x862</load_address>
         <run_address>0x862</run_address>
         <size>0x18f</size>
         <input_file_ref idref="fl-7"/>
      </object_component>
      <object_component id="oc-af">
         <name>.debug_line</name>
         <load_address>0x9f1</load_address>
         <run_address>0x9f1</run_address>
         <size>0x54</size>
         <input_file_ref idref="fl-7"/>
      </object_component>
      <object_component id="oc-1e3">
         <name>.debug_line</name>
         <load_address>0xa45</load_address>
         <run_address>0xa45</run_address>
         <size>0x4c</size>
         <input_file_ref idref="fl-7"/>
      </object_component>
      <object_component id="oc-207">
         <name>.debug_line</name>
         <load_address>0xa91</load_address>
         <run_address>0xa91</run_address>
         <size>0xcf</size>
         <input_file_ref idref="fl-9"/>
      </object_component>
      <object_component id="oc-205">
         <name>.debug_line</name>
         <load_address>0xb60</load_address>
         <run_address>0xb60</run_address>
         <size>0x37</size>
[...]
         <name>oi_update</name>
         <value>0x1415</value>
         <object_component_ref idref="oc-de"/>
      </symbol>
      <symbol id="sm-1ef">
         <name>oi_uartInit</name>
         <value>0x1a67</value>
         <object_component_ref idref="oc-de"/>
      </symbol>
      <symbol id="sm-222">
         <name>state</name>
         <value>0x20000f39</value>
      </symbol>
      <symbol id="sm-223">
         <name>rising_time</name>
         <value>0x20000f34</value>
      </symbol>
      <symbol id="sm-224">
         <name>falling_time</name>
         <value>0x20000f30</value>
      </symbol>
      <symbol id="sm-225">
         <name>event_time</name>
         <value>0x20000f2c</value>
      </symbol>
      <symbol id="sm-226">
         <name>ping_read</name>
         <value>0x4319</value>
         <object_component_ref idref="oc-108"/>
      </symbol>
      <symbol id="sm-227">
         <name>send_pulse</name>
         <value>0x4373</value>
         <object_component_ref idref="oc-108"/>
      </symbol>
      <symbol id="sm-228">
         <name>time2dist</name>
         <value>0x43b9</value>
         <object_component_ref idref="oc-108"/>
      </symbol>
      <symbol id="sm-229">
         <name>TIMER3B_Handler</name>
         <value>0x4335</value>
         <object_component_ref idref="oc-108"/>
      </symbol>
      <symbol id="sm-22a">
         <name>ping_init</name>
         <value>0x43df</value>
         <object_component_ref idref="oc-108"/>
      </symbol>
      <symbol id="sm-27d">
         <name>deg_end</name>
         <value>0x20000f42</value>
         <object_component_ref idref="oc-1c7"/>
      </symbol>
      <symbol id="sm-27e">
         <name>object_width</name>
         <value>0x20000f54</value>
         <object_component_ref idref="oc-1c7"/>
      </symbol>
      <symbol id="sm-27f">
         <name>obj_count</name>
         <value>0x20000f3e</value>
         <object_component_ref idref="oc-1c7"/>
      </symbol>
      <symbol id="sm-280">
         <name>deg_width</name>
         <value>0x20000f46</value>
         <object_component_ref idref="oc-1c7"/>
      </symbol>
      <symbol id="sm-281">
         <name>scan_action</name>
         <value>0x3925</value>
         <object_component_ref idref="oc-10e"/>
      </symbol>
      <symbol id="sm-282">
         <name>deg_smallest_obj</name>
         <value>0x20000f58</value>
         <object_component_ref idref="oc-1c7"/>
      </symbol>
      <symbol id="sm-283">
         <name>edge_count</name>
         <value>0x20000f60</value>
         <object_component_ref idref="oc-1c7"/>
      </symbol>
      <symbol id="sm-284">
         <name>obj_detection</name>
         <value>0x20000f3f</value>
         <object_component_ref idref="oc-1c7"/>
      </symbol>
      <symbol id="sm-285">
         <name>scan_degrees</name>
         <value>0x20000f3c</value>
         <object_component_ref idref="oc-1c7"/>
      </symbol>
      <symbol id="sm-286">
         <name>distance_count</name>
         <value>0x20000f50</value>
         <object_component_ref idref="oc-1c7"/>
      </symbol>
      <symbol id="sm-287">
         <name>deg_start</name>
         <value>0x20000f40</value>
         <object_component_ref idref="oc-1c7"/>
      </symbol>
      <symbol id="sm-288">
         <name>distance_total</name>
         <value>0x20000f48</value>
         <object_component_ref idref="oc-1c7"/>
      </symbol>
      <symbol id="sm-289">
         <name>smallest_obj_width</name>
         <value>0x20000f5c</value>
         <object_component_ref idref="oc-1c7"/>
      </symbol>
      <symbol id="sm-28a">
         <name>scan_reset</name>
         <value>0x38bd</value>
         <object_component_ref idref="oc-10e"/>
      </symbol>
      <symbol id="sm-28b">
         <name>distance_avg</name>
         <value>0x20000f4c</value>
         <object_component_ref idref="oc-1c7"/>
      </symbol>
      <symbol id="sm-28c">
         <name>temp_deg_end</name>
         <value>0x20000f44</value>
         <object_component_ref idref="oc-1c7"/>
      </symbol>
      <symbol id="sm-28d">
         <name>end_case</name>
         <value>0x20000f61</value>
         <object_component_ref idref="oc-1c7"/>
      </symbol>
      <symbol id="sm-2ac">
         <name>move_servo</name>
         <value>0x4dc3</value>
         <object_component_ref idref="oc-102"/>
      </symbol>
      <symbol id="sm-2ad">
         <name>motor_init</name>
         <value>0x4d8f</value>
         <object_component_ref idref="oc-102"/>
      </symbol>
      <symbol id="sm-2ae">
         <name>servo_init</name>
         <value>0x4e01</value>
         <object_component_ref idref="oc-102"/>
      </symbol>
      <symbol id="sm-2af">
         <name>timer1B_init</name>
         <value>0x4d25</value>
         <object_component_ref idref="oc-102"/>
      </symbol>
      <symbol id="sm-2cb">
         <name>ResetISR</name>
         <value>0x5cc3</value>
         <object_component_ref idref="oc-2e"/>
      </symbol>
      <symbol id="sm-2cc">
         <name>g_pfnVectors</name>
         <value>0x0</value>
         <object_component_ref idref="oc-f"/>
      </symbol>
      <symbol id="sm-2ee">
         <name>uart_sendChar</name>
         <value>0x4f2f</value>
         <object_component_ref idref="oc-ea"/>
      </symbol>
      <symbol id="sm-2ef">
         <name>UART_init</name>
         <value>0x4e59</value>
         <object_component_ref idref="oc-ea"/>
      </symbol>
      <symbol id="sm-2f0">
         <name>send_string</name>
         <value>0x4f07</value>
         <object_component_ref idref="oc-ea"/>
      </symbol>
      <symbol id="sm-2f1">
         <name>uart_receive</name>
         <value>0x4ee1</value>
         <object_component_ref idref="oc-ea"/>
      </symbol>
      <symbol id="sm-302">
         <name>_c_int00</name>
         <value>0x58dd</value>
         <object_component_ref idref="oc-24"/>
      </symbol>
      <symbol id="sm-303">
         <name>__stack</name>
         <value>0x20000a70</value>
         <object_component_ref idref="oc-2a"/>
      </symbol>
      <symbol id="sm-321">
         <name>__TI_decompress_lzss</name>
         <value>0x57af</value>
         <object_component_ref idref="oc-12"/>
      </symbol>
      <symbol id="sm-338">
         <name>__TI_decompress_none</name>
         <value>0x5c9d</value>
         <object_component_ref idref="oc-18"/>
      </symbol>
      <symbol id="sm-34a">
         <name>__TI_zero_init</name>
         <value>0x5cb7</value>
         <object_component_ref idref="oc-1e"/>
      </symbol>
      <symbol id="sm-3da">
         <name>pow</name>
         <value>0x1e45</value>
         <object_component_ref idref="oc-1a3"/>
      </symbol>
      <symbol id="sm-3db">
         <name>powl</name>
         <value>0x1e45</value>
         <object_component_ref idref="oc-1a3"/>
      </symbol>
      <symbol id="sm-3ff">
         <name>sqrtl</name>
         <value>0x47b9</value>
         <object_component_ref idref="oc-22a"/>
      </symbol>
      <symbol id="sm-400">
         <name>sqrt</name>
         <value>0x47b9</value>
         <object_component_ref idref="oc-22a"/>
      </symbol>
      <symbol id="sm-408">
         <name>errno</name>
         <value>0x20000f94</value>
         <object_component_ref idref="oc-230"/>
      </symbol>
      <symbol id="sm-429">
         <name>C$$EXIT</name>
         <value>0x5931</value>
         <object_component_ref idref="oc-72"/>
      </symbol>
      <symbol id="sm-42a">
         <name>abort</name>
         <value>0x5935</value>
         <object_component_ref idref="oc-72"/>
      </symbol>
      <symbol id="sm-42b">
         <name>exit</name>
         <value>0x593d</value>
         <object_component_ref idref="oc-72"/>
      </symbol>
      <symbol id="sm-42c">
         <name>__TI_dtors_ptr</name>
         <value>0x20000f78</value>
         <object_component_ref idref="oc-b6"/>
      </symbol>
      <symbol id="sm-42d">
         <name>__TI_cleanup_ptr</name>
         <value>0x20000f74</value>
         <object_component_ref idref="oc-b6"/>
      </symbol>
      <symbol id="sm-42e">
         <name>__TI_enable_exit_profile_output</name>
         <value>0x20000f7c</value>
         <object_component_ref idref="oc-b6"/>
      </symbol>
      <symbol id="sm-445">
         <name>__aeabi_dsub</name>
         <value>0x4161</value>
         <object_component_ref idref="oc-1af"/>
      </symbol>
      <symbol id="sm-446">
         <name>__aeabi_dadd</name>
         <value>0x416b</value>
         <object_component_ref idref="oc-1af"/>
      </symbol>
      <symbol id="sm-468">
         <name>__aeabi_cdcmpeq</name>
         <value>0x5549</value>
         <object_component_ref idref="oc-236"/>
      </symbol>
      <symbol id="sm-469">
         <name>__aeabi_cdcmple</name>
         <value>0x5549</value>
         <object_component_ref idref="oc-236"/>
      </symbol>
      <symbol id="sm-46a">
         <name>__aeabi_cdrcmple</name>
         <value>0x55cf</value>
         <object_component_ref idref="oc-23b"/>
      </symbol>
      <symbol id="sm-47e">
         <name>__aeabi_ddiv</name>
         <value>0x4bed</value>
         <object_component_ref idref="oc-16c"/>
      </symbol>
      <symbol id="sm-489">
         <name>__aeabi_dmul</name>
         <value>0x4f81</value>
         <object_component_ref idref="oc-167"/>
      </symbol>
      <symbol id="sm-493">
         <name>__aeabi_d2iz</name>
         <value>0x5a71</value>
         <object_component_ref idref="oc-14b"/>
      </symbol>
      <symbol id="sm-49f">
         <name>__aeabi_d2f</name>
         <value>0x5741</value>
         <object_component_ref idref="oc-1d5"/>
      </symbol>
      <symbol id="sm-4aa">
         <name>__aeabi_f2d</name>
         <value>0x5af5</value>
         <object_component_ref idref="oc-1ca"/>
      </symbol>
      <symbol id="sm-4b4">
         <name>__aeabi_i2d</name>
         <value>0x5b61</value>
         <object_component_ref idref="oc-162"/>
      </symbol>
      <symbol id="sm-4cf">
         <name>memcpy</name>
         <value>0x5425</value>
         <object_component_ref idref="oc-42"/>
      </symbol>
      <symbol id="sm-4d0">
         <name>__aeabi_memcpy</name>
         <value>0x5425</value>
         <object_component_ref idref="oc-42"/>
      </symbol>
      <symbol id="sm-4d1">
         <name>__aeabi_memcpy8</name>
         <value>0x5425</value>
         <object_component_ref idref="oc-42"/>
      </symbol>
      <symbol id="sm-4d2">
         <name>__aeabi_memcpy4</name>
         <value>0x5425</value>
         <object_component_ref idref="oc-42"/>
      </symbol>
      <symbol id="sm-546">
         <name>_sys_memory</name>
         <value>0x20000270</value>
         <object_component_ref idref="oc-2b"/>
      </symbol>
      <symbol id="sm-547">
         <name>free</name>
         <value>0x35d7</value>
         <object_component_ref idref="oc-138"/>
      </symbol>
      <symbol id="sm-548">
         <name>realloc</name>
         <value>0x3699</value>
         <object_component_ref idref="oc-138"/>
      </symbol>
      <symbol id="sm-549">
         <name>memalign</name>
         <value>0x37a1</value>
         <object_component_ref idref="oc-138"/>
      </symbol>
      <symbol id="sm-54a">
         <name>calloc</name>
         <value>0x388d</value>
         <object_component_ref idref="oc-138"/>
      </symbol>
      <symbol id="sm-54b">
         <name>malloc</name>
         <value>0x356d</value>
         <object_component_ref idref="oc-138"/>
      </symbol>
      <symbol id="sm-54c">
         <name>minit</name>
         <value>0x34ed</value>
         <object_component_ref idref="oc-138"/>
      </symbol>
      <symbol id="sm-55b">
         <name>__aeabi_memset</name>
         <value>0x5657</value>
         <object_component_ref idref="oc-4e"/>
      </symbol>
      <symbol id="sm-55c">
         <name>memset</name>
         <value>0x565d</value>
         <object_component_ref idref="oc-4e"/>
      </symbol>
      <symbol id="sm-55d">
         <name>__aeabi_memset8</name>
         <value>0x5657</value>
         <object_component_ref idref="oc-4e"/>
      </symbol>
      <symbol id="sm-55e">
         <name>__aeabi_memset4</name>
         <value>0x5657</value>
         <object_component_ref idref="oc-4e"/>
      </symbol>
      <symbol id="sm-55f">
         <name>__aeabi_memclr8</name>
         <value>0x5655</value>
         <object_component_ref idref="oc-4e"/>
      </symbol>
      <symbol id="sm-560">
         <name>__aeabi_memclr4</name>
         <value>0x5655</value>
         <object_component_ref idref="oc-4e"/>
      </symbol>
      <symbol id="sm-561">
         <name>__aeabi_memclr</name>
         <value>0x5655</value>
         <object_component_ref idref="oc-4e"/>
      </symbol>
      <symbol id="sm-56b">
         <name>__mpu_init</name>
         <value>0x13ab</value>
         <object_component_ref idref="oc-5a"/>
      </symbol>
      <symbol id="sm-575">
         <name>_system_pre_init</name>
         <value>0x5ccf</value>
         <object_component_ref idref="oc-60"/>
      </symbol>
      <symbol id="sm-597">
         <name>scalbn</name>
         <value>0x507d</value>
         <object_component_ref idref="oc-240"/>
      </symbol>
      <symbol id="sm-598">
         <name>scalbnl</name>
         <value>0x507d</value>
         <object_component_ref idref="oc-240"/>
      </symbol>
      <symbol id="sm-599">
         <name>ldexpl</name>
         <value>0x507d</value>
         <object_component_ref idref="oc-240"/>
      </symbol>
      <symbol id="sm-59a">
         <name>ldexp</name>
         <value>0x507d</value>
         <object_component_ref idref="oc-240"/>
      </symbol>
      <symbol id="sm-5e6">
         <name>sin</name>
         <value>0x2f29</value>
         <object_component_ref idref="oc-1cf"/>
      </symbol>
      <symbol id="sm-5e7">
         <name>sinl</name>
         <value>0x2f29</value>
         <object_component_ref idref="oc-1cf"/>
      </symbol>
      <symbol id="sm-600">
         <name>sprintf</name>
         <value>0x587d</value>
         <object_component_ref idref="oc-1c1"/>
      </symbol>
      <symbol id="sm-608">
         <name>main_func_sp</name>
         <value>0x20000f98</value>
         <object_component_ref idref="oc-78"/>
      </symbol>
      <symbol id="sm-617">
         <name>strcmp</name>
         <value>0x5bfd</value>
         <object_component_ref idref="oc-150"/>
      </symbol>
      <symbol id="sm-625">
         <name>strcpy</name>
         <value>0x5c55</value>
         <object_component_ref idref="oc-185"/>
      </symbol>
      <symbol id="sm-633">
         <name>strlen</name>
         <value>0x5c69</value>
         <object_component_ref idref="oc-195"/>
      </symbol>
      <symbol id="sm-63d">
         <name>__aeabi_ui2d</name>
         <value>0x5b8f</value>
         <object_component_ref idref="oc-1aa"/>
      </symbol>
      <symbol id="sm-659">
         <name>vsnprintf</name>
         <value>0x54c1</value>
         <object_component_ref idref="oc-17f"/>
      </symbol>
      <symbol id="sm-672">
         <name>_nop</name>
         <value>0x5c3b</value>
         <object_component_ref idref="oc-120"/>
      </symbol>
      <symbol id="sm-673">
         <name>_lock</name>
         <value>0x20000f8c</value>
         <object_component_ref idref="oc-b9"/>
      </symbol>
      <symbol id="sm-674">
         <name>_unlock</name>
         <value>0x20000f90</value>
         <object_component_ref idref="oc-b9"/>
      </symbol>
      <symbol id="sm-675">
         <name>_register_lock</name>
         <value>0x5c33</value>
         <object_component_ref idref="oc-120"/>
      </symbol>
      <symbol id="sm-676">
         <name>_register_unlock</name>
         <value>0x5c2d</value>
         <object_component_ref idref="oc-120"/>
      </symbol>
      <symbol id="sm-777">
         <name>__TI_printfi</name>
         <value>0xab1</value>
         <object_component_ref idref="oc-20d"/>
      </symbol>
      <symbol id="sm-78b">
         <name>_args_main</name>
         <value>0x5be5</value>
         <object_component_ref idref="oc-6c"/>
      </symbol>
      <symbol id="sm-7a1">
         <name>atoi</name>
         <value>0x59d9</value>
         <object_component_ref idref="oc-292"/>
      </symbol>
      <symbol id="sm-7cb">
         <name>__TI_auto_init</name>
         <value>0x56d1</value>
         <object_component_ref idref="oc-66"/>
      </symbol>
      <symbol id="sm-7e5">
         <name>copy_in</name>
         <value>0x5a25</value>
         <object_component_ref idref="oc-a0"/>
      </symbol>
      <symbol id="sm-7f0">
         <name>_ctypes_</name>
         <value>0x5e30</value>
         <object_component_ref idref="oc-2e4"/>
      </symbol>
      <symbol id="sm-806">
         <name>__kernel_cos</name>
         <value>0x4929</value>
         <object_component_ref idref="oc-267"/>
      </symbol>
      <symbol id="sm-86a">
         <name>__kernel_rem_pio2</name>
         <value>0x27f1</value>
         <object_component_ref idref="oc-261"/>
      </symbol>
      <symbol id="sm-881">
         <name>__kernel_sin</name>
         <value>0x4645</value>
         <object_component_ref idref="oc-25b"/>
      </symbol>
      <symbol id="sm-890">
         <name>ltoa</name>
         <value>0x5985</value>
         <object_component_ref idref="oc-280"/>
      </symbol>
      <symbol id="sm-8a0">
         <name>memccpy</name>
         <value>0x5baf</value>
         <object_component_ref idref="oc-298"/>
      </symbol>
      <symbol id="sm-8aa">
         <name>copysign</name>
         <value>0x5c41</value>
         <object_component_ref idref="oc-2ba"/>
      </symbol>
      <symbol id="sm-8ab">
         <name>copysignl</name>
         <value>0x5c41</value>
         <object_component_ref idref="oc-2ba"/>
      </symbol>
      <symbol id="sm-8c8">
         <name>floorl</name>
         <value>0x5271</value>
         <object_component_ref idref="oc-2cd"/>
      </symbol>
      <symbol id="sm-8c9">
         <name>floor</name>
         <value>0x5271</value>
         <object_component_ref idref="oc-2cd"/>
      </symbol>
      <symbol id="sm-8df">
         <name>frexpl</name>
         <value>0x5819</value>
         <object_component_ref idref="oc-286"/>
      </symbol>
      <symbol id="sm-8e0">
         <name>frexp</name>
         <value>0x5819</value>
         <object_component_ref idref="oc-286"/>
      </symbol>
      <symbol id="sm-8ea">
         <name>_system_post_cinit</name>
         <value>0x4317</value>
         <object_component_ref idref="oc-a6"/>
      </symbol>
      <symbol id="sm-8fa">
         <name>strchr</name>
         <value>0x5c15</value>
         <object_component_ref idref="oc-28c"/>
      </symbol>
      <symbol id="sm-916">
         <name>__aeabi_uldivmod</name>
         <value>0x3f6d</value>
         <object_component_ref idref="oc-27b"/>
      </symbol>
      <symbol id="sm-936">
         <name>IntRegister</name>
         <value>0x5b2d</value>
         <object_component_ref idref="oc-156"/>
      </symbol>
      <symbol id="sm-937">
         <name>g_pfnRAMVectors</name>
         <value>0x20000000</value>
         <object_component_ref idref="oc-1f5"/>
      </symbol>
      <symbol id="sm-938">
         <name>IntMasterEnable</name>
         <value>0x5c7d</value>
         <object_component_ref idref="oc-15c"/>
      </symbol>
      <symbol id="sm-942">
         <name>CPUcpsie</name>
         <value>0x5cab</value>
         <object_component_ref idref="oc-1fa"/>
      </symbol>
      <symbol id="sm-943">
         <name>__TI_static_base__</name>
         <value>0x0</value>
      </symbol>
      <symbol id="sm-946">
         <name>SHT$$INIT_ARRAY$$Limit</name>
         <value>0x0</value>
      </symbol>
      <symbol id="sm-947">
         <name>SHT$$INIT_ARRAY$$Base</name>
         <value>0x0</value>
      </symbol>
   </symbol_table>
   <title>Link successful</title>
</link_info>
