******************************************************************************
                  TI ARM Linker PC v16.9.4                     
******************************************************************************
>> Linked Tue Dec 05 22:34:36 2017

OUTPUT FILE NAME:   <PizzaPlanet2.out>
ENTRY POINT SYMBOL: "_c_int00"  address: 000058dd


MEMORY CONFIGURATION

         name            origin    length      used     unused   attr    fill
----------------------  --------  ---------  --------  --------  ----  --------
  FLASH                 00000000   00040000  00005fd5  0003a02b  R  X
  SRAM                  20000000   00008000  00000f96  0000706a  RW X


SEGMENT ALLOCATION MAP

run origin  load origin   length   init length attrs members
----------  ----------- ---------- ----------- ----- -------
00000000    00000000    00005fe0   00005fe0    r-x
  00000000    00000000    0000026c   0000026c    r-- .intvecs
  0000026c    0000026c    00005a66   00005a66    r-x .text
  00005cd8    00005cd8    000002a3   000002a3    r-- .const
  00005f80    00005f80    00000060   00000060    r-- .cinit
20000000    20000000    00000f9c   00000000    rw-
  20000000    20000000    0000026c   00000000    rw- .vtable
  20000270    20000270    00000800   00000000    rw- .sysmem
  20000a70    20000a70    00000400   00000000    rw- .stack
  20000e70    20000e70    000000ca   00000000    rw- .bss
  20000f3c    20000f3c    00000060   00000000    rw- .data


SECTION ALLOCATION MAP

 output                                  attributes/
section   page    origin      length       input sections
--------  ----  ----------  ----------   ----------------
.intvecs   0    00000000    0000026c     
                  00000000    0000026c     tm4c123gh6pm_startup_ccs.obj (.intvecs)

.text      0    0000026c    00005a66     
                  0000026c    0000113e     rtsv7M4_T_le_v4SPD16_eabi.lib : _printfi.obj (.text)
                  000013aa    00000002                                   : mpu_init.obj (.text)
                  000013ac    00000a98     open_interface.obj (.text)
                  00001e44    000009ac     rtsv7M4_T_le_v4SPD16_eabi.lib : e_pow.obj (.text)
                  000027f0    00000738                                   : k_rem_pio2.obj (.text)
                  00002f28    000005c4                                   : s_sin.obj (.text)
                  000034ec    000003d0                                   : memory.obj (.text)
                  000038bc    000003c4     scan.obj (.text)
                  00003c80    000002ec     lcd.obj (.text)
                  00003f6c    000001f4     rtsv7M4_T_le_v4SPD16_eabi.lib : ull_div_t2.obj (.text)
                  00004160    000001b6                                   : fd_add_t2.obj (.text)
                  00004316    00000002                                   : startup.obj (.text)
                  00004318    000001ac     ping.obj (.text)
                  000044c4    00000180     IR.obj (.text)
                  00004644    00000174     rtsv7M4_T_le_v4SPD16_eabi.lib : k_sin.obj (.text)
                  000047b8    00000170                                   : e_sqrt.obj (.text)
                  00004928    0000016c                                   : k_cos.obj (.text)
                  00004a94    00000158     Timer.obj (.text)
                  00004bec    00000136     rtsv7M4_T_le_v4SPD16_eabi.lib : fd_div_t2.obj (.text)
                  00004d22    00000002     --HOLE-- [fill = 0]
                  00004d24    00000134     servo.obj (.text)
                  00004e58    00000128     uart.obj (.text)
                  00004f80    000000fc     rtsv7M4_T_le_v4SPD16_eabi.lib : fd_mul_t2.obj (.text)
                  0000507c    000000fc                                   : s_scalbn.obj (.text)
                  00005178    000000f8     button.obj (.text)
                  00005270    000000f8     rtsv7M4_T_le_v4SPD16_eabi.lib : s_floor.obj (.text)
                  00005368    000000bc     WiFi.obj (.text)
                  00005424    0000009c     rtsv7M4_T_le_v4SPD16_eabi.lib : memcpy_t2.obj (.text)
                  000054c0    00000088                                   : vsnprintf.obj (.text)
                  00005548    00000086                                   : fd_cmp_t2.obj (.text:__aeabi_cdcmple)
                  000055ce    00000086                                   : fd_cmp_t2.obj (.text:__aeabi_cdrcmple)
                  00005654    0000007a                                   : memset_t2.obj (.text)
                  000056ce    00000002     --HOLE-- [fill = 0]
                  000056d0    00000070                                   : autoinit.obj (.text)
                  00005740    0000006e                                   : fd_tos_t2.obj (.text)
                  000057ae    00000068                                   : copy_decompress_lzss.obj (.text:decompress:lzss)
                  00005816    00000002     --HOLE-- [fill = 0]
                  00005818    00000064                                   : s_frexp.obj (.text)
                  0000587c    00000060                                   : sprintf.obj (.text)
                  000058dc    00000054                                   : boot.obj (.text)
                  00005930    00000054                                   : exit.obj (.text)
                  00005984    00000054                                   : ltoa.obj (.text)
                  000059d8    0000004c                                   : atoi.obj (.text)
                  00005a24    0000004c                                   : cpy_tbl.obj (.text)
                  00005a70    00000048                                   : fd_toi_t2.obj (.text)
                  00005ab8    0000003c     main.obj (.text)
                  00005af4    00000038     rtsv7M4_T_le_v4SPD16_eabi.lib : fs_tod_t2.obj (.text)
                  00005b2c    00000034     driverlib.lib : interrupt.obj (.text:IntRegister)
                  00005b60    0000002e     rtsv7M4_T_le_v4SPD16_eabi.lib : i_tofd_t2.obj (.text)
                  00005b8e    00000020                                   : u_tofd_t2.obj (.text)
                  00005bae    0000001c                                   : memccpy.obj (.text)
                  00005bca    00000018     open_interface.obj (.text:oi_parseInt)
                  00005be2    00000002     --HOLE-- [fill = 0]
                  00005be4    00000018     rtsv7M4_T_le_v4SPD16_eabi.lib : args_main.obj (.text)
                  00005bfc    00000018                                   : strcmp.obj (.text)
                  00005c14    00000016                                   : strchr.obj (.text)
                  00005c2a    00000002     --HOLE-- [fill = 0]
                  00005c2c    00000014                                   : _lock.obj (.text)
                  00005c40    00000014                                   : s_copysign.obj (.text)
                  00005c54    00000014                                   : strcpy.obj (.text)
                  00005c68    00000014                                   : strlen.obj (.text)
                  00005c7c    00000010     driverlib.lib : interrupt.obj (.text:IntMasterEnable)
                  00005c8c    00000010     lcd.obj (.text:lcd_clear)
                  00005c9c    0000000e     rtsv7M4_T_le_v4SPD16_eabi.lib : copy_decompress_none.obj (.text:decompress:none)
                  00005caa    0000000c     driverlib.lib : cpu.obj (.text:CPUcpsie)
                  00005cb6    0000000c     rtsv7M4_T_le_v4SPD16_eabi.lib : copy_zero_init.obj (.text:decompress:ZI)
                  00005cc2    0000000c     tm4c123gh6pm_startup_ccs.obj (.text)
                  00005cce    00000004     rtsv7M4_T_le_v4SPD16_eabi.lib : pre_init.obj (.text)

.const     0    00005cd8    000002a3     
                  00005cd8    00000158     rtsv7M4_T_le_v4SPD16_eabi.lib : k_rem_pio2.obj (.const:$O1$$)
                  00005e30    00000101                                   : ctype.obj (.const:.string:_ctypes_)
                  00005f31    00000004     lcd.obj (.const:.string:lineAddress$1)
                  00005f35    00000003     --HOLE-- [fill = 0]
                  00005f38    00000030     rtsv7M4_T_le_v4SPD16_eabi.lib : e_pow.obj (.const:$O1$$)
                  00005f68    0000000f     open_interface.obj (.const:.string:$P$T0$3)
                  00005f77    00000004     lcd.obj (.const:.string:lineAddresses$2)

.cinit     0    00005f80    00000060     
                  00005f80    00000027     (.cinit..data.load) [load image, compression = lzss]
                  00005fa7    00000001     --HOLE-- [fill = 0]
                  00005fa8    0000000c     (__TI_handler_table)
                  00005fb4    00000004     --HOLE-- [fill = 0]
                  00005fb8    00000008     (.cinit..bss.load) [load image, compression = zero_init]
                  00005fc0    00000008     (.cinit..vtable.load) [load image, compression = zero_init]
                  00005fc8    00000018     (__TI_cinit_table)

.init_array 
*          0    00000000    00000000     UNINITIALIZED

.vtable    0    20000000    0000026c     UNINITIALIZED
                  20000000    0000026c     driverlib.lib : interrupt.obj (.vtable)

.sysmem    0    20000270    00000800     UNINITIALIZED
                  20000270    00000008     rtsv7M4_T_le_v4SPD16_eabi.lib : memory.obj (.sysmem)
                  20000278    000007f8     --HOLE--

.stack     0    20000a70    00000400     UNINITIALIZED
                  20000a70    00000400     --HOLE--

.bss       0    20000e70    000000ca     UNINITIALIZED
                  20000e70    00000054     lcd.obj (.bss:lastbuffer$3)
                  20000ec4    00000050     (.common:buffer)
                  20000f14    00000018     open_interface.obj (.bss:firmware$2)
                  20000f2c    00000004     (.common:event_time)
                  20000f30    00000004     (.common:falling_time)
                  20000f34    00000004     (.common:rising_time)
                  20000f38    00000001     (.common:_prevButton)
                  20000f39    00000001     (.common:state)

.data      0    20000f3c    00000060     UNINITIALIZED
                  20000f3c    00000026     scan.obj (.data)
                  20000f62    00000001     button.obj (.data)
                  20000f63    00000001     --HOLE--
                  20000f64    00000010     open_interface.obj (.data)
                  20000f74    0000000c     rtsv7M4_T_le_v4SPD16_eabi.lib : exit.obj (.data:$O1$$)
                  20000f80    0000000c                                   : memory.obj (.data:$O1$$)
                  20000f8c    00000008                                   : _lock.obj (.data:$O1$$)
                  20000f94    00000004                                   : errno.obj (.data)
                  20000f98    00000004                                   : stkdepth_vars.obj (.data)

MODULE SUMMARY

       Module                         code    ro data   rw data
       ------                         ----    -------   -------
    .\
       open_interface.obj             2736    15        40     
       scan.obj                       964     0         38     
       lcd.obj                        764     8         84     
       tm4c123gh6pm_startup_ccs.obj   12      620       0      
       ping.obj                       428     0         13     
       IR.obj                         384     0         0      
       Timer.obj                      344     0         0      
       servo.obj                      308     0         0      
       uart.obj                       296     0         0      
       button.obj                     248     0         2      
       WiFi.obj                       188     0         0      
       main.obj                       60      0         80     
    +--+------------------------------+-------+---------+---------+
       Total:                         6732    643       257    
                                                               
    C:/ti/TivaWare_C_Series-2.1.2.111/driverlib/ccs/Debug/driverlib.lib
       interrupt.obj                  68      0         620    
       cpu.obj                        12      0         0      
    +--+------------------------------+-------+---------+---------+
       Total:                         80      0         620    
                                                               
    C:\ti\ccsv7\tools\compiler\ti-cgt-arm_16.9.4.LTS\lib\rtsv7M4_T_le_v4SPD16_eabi.lib
       _printfi.obj                   4414    0         0      
       e_pow.obj                      2476    48        0      
       k_rem_pio2.obj                 1848    344       0      
       s_sin.obj                      1476    0         0      
       memory.obj                     976     0         12     
       ull_div_t2.obj                 500     0         0      
       fd_add_t2.obj                  438     0         0      
       k_sin.obj                      372     0         0      
       e_sqrt.obj                     368     0         0      
       k_cos.obj                      364     0         0      
       fd_div_t2.obj                  310     0         0      
       fd_cmp_t2.obj                  268     0         0      
       ctype.obj                      0       257       0      
       fd_mul_t2.obj                  252     0         0      
       s_scalbn.obj                   252     0         0      
       s_floor.obj                    248     0         0      
       memcpy_t2.obj                  156     0         0      
       vsnprintf.obj                  136     0         0      
       memset_t2.obj                  122     0         0      
       autoinit.obj                   112     0         0      
       fd_tos_t2.obj                  110     0         0      
       copy_decompress_lzss.obj       104     0         0      
       s_frexp.obj                    100     0         0      
       exit.obj                       84      0         12     
       sprintf.obj                    96      0         0      
       boot.obj                       84      0         0      
       ltoa.obj                       84      0         0      
       atoi.obj                       76      0         0      
       cpy_tbl.obj                    76      0         0      
       fd_toi_t2.obj                  72      0         0      
       fs_tod_t2.obj                  56      0         0      
       i_tofd_t2.obj                  46      0         0      
       u_tofd_t2.obj                  32      0         0      
       _lock.obj                      20      0         8      
       memccpy.obj                    28      0         0      
       args_main.obj                  24      0         0      
       strcmp.obj                     24      0         0      
       strchr.obj                     22      0         0      
       s_copysign.obj                 20      0         0      
       strcpy.obj                     20      0         0      
       strlen.obj                     20      0         0      
       copy_decompress_none.obj       14      0         0      
       copy_zero_init.obj             12      0         0      
       errno.obj                      0       0         4      
       pre_init.obj                   4       0         0      
       stkdepth_vars.obj              0       0         4      
       mpu_init.obj                   2       0         0      
       startup.obj                    2       0         0      
    +--+------------------------------+-------+---------+---------+
       Total:                         16320   649       40     
                                                               
       Heap:                          0       0         2048   
       Stack:                         0       0         1024   
       Linker Generated:              0       91        0      
    +--+------------------------------+-------+---------+---------+
       Grand Total:                   23132   1383      3989   


LINKER GENERATED COPY TABLES

__TI_cinit_table @ 00005fc8 records: 3, size/record: 8, table size: 24
	.data: load addr=00005f80, load size=00000027 bytes, run addr=20000f3c, run size=00000060 bytes, compression=lzss
	.bss: load addr=00005fb8, load size=00000008 bytes, run addr=20000e70, run size=000000ca bytes, compression=zero_init
	.vtable: load addr=00005fc0, load size=00000008 bytes, run addr=20000000, run size=0000026c bytes, compression=zero_init


LINKER GENERATED HANDLER TABLE

__TI_handler_table @ 00005fa8 records: 3, size/record: 4, table size: 12
	index: 0, handler: __TI_zero_init
	index: 1, handler: __TI_decompress_lzss
	index: 2, handler: __TI_decompress_none


GLOBAL SYMBOLS: SORTED ALPHABETICALLY BY Name 

address   name                           
-------   ----                           
00004537  ADC_read                       
00005931  C$$EXIT                        
00005cab  CPUcpsie                       
00001cab  GPIOF_Handler                  
00005c7d  IntMasterEnable                
00005b2d  IntRegister                    
00005cc3  ResetISR                       
UNDEFED   SHT$$INIT_ARRAY$$Base          
UNDEFED   SHT$$INIT_ARRAY$$Limit         
00004335  TIMER3B_Handler                
00004e59  UART_init                      
00005369  WiFi_start                     
20000e70  __STACK_END                    
00000400  __STACK_SIZE                   
20000c70  __STACK_TOP                    
00000800  __SYSMEM_SIZE                  
00005fc8  __TI_CINIT_Base                
00005fe0  __TI_CINIT_Limit               
00005fa8  __TI_Handler_Table_Base        
00005fb4  __TI_Handler_Table_Limit       
000056d1  __TI_auto_init                 
20000f74  __TI_cleanup_ptr               
000057af  __TI_decompress_lzss           
00005c9d  __TI_decompress_none           
20000f78  __TI_dtors_ptr                 
20000f7c  __TI_enable_exit_profile_output
ffffffff  __TI_pprof_out_hndl            
00000ab1  __TI_printfi                   
ffffffff  __TI_prof_data_size            
ffffffff  __TI_prof_data_start           
00000000  __TI_static_base__             
00005cb7  __TI_zero_init                 
00005549  __aeabi_cdcmpeq                
00005549  __aeabi_cdcmple                
000055cf  __aeabi_cdrcmple               
00005741  __aeabi_d2f                    
00005a71  __aeabi_d2iz                   
0000416b  __aeabi_dadd                   
00004bed  __aeabi_ddiv                   
00004f81  __aeabi_dmul                   
00004161  __aeabi_dsub                   
00005af5  __aeabi_f2d                    
00005b61  __aeabi_i2d                    
00005655  __aeabi_memclr                 
00005655  __aeabi_memclr4                
00005655  __aeabi_memclr8                
00005425  __aeabi_memcpy                 
00005425  __aeabi_memcpy4                
00005425  __aeabi_memcpy8                
00005657  __aeabi_memset                 
00005657  __aeabi_memset4                
00005657  __aeabi_memset8                
00005b8f  __aeabi_ui2d                   
00003f6d  __aeabi_uldivmod               
ffffffff  __binit__                      
ffffffff  __c_args__                     
00004929  __kernel_cos                   
000027f1  __kernel_rem_pio2              
00004645  __kernel_sin                   
000013ab  __mpu_init                     
20000a70  __stack                        
00005be5  _args_main                     
000058dd  _c_int00                       
00005e30  _ctypes_                       
20000f8c  _lock                          
00005c3b  _nop                           
20000f38  _prevButton                    
00005c33  _register_lock                 
00005c2d  _register_unlock               
20000270  _sys_memory                    
00004317  _system_post_cinit             
00005ccf  _system_pre_init               
20000f90  _unlock                        
00005935  abort                          
000044c5  adc_init                       
000059d9  atoi                           
ffffffff  binit                          
20000ec4  buffer                         
000051a5  button_checkButtons            
000051af  button_getButton               
00005205  button_getButtonBlocking       
00005219  button_getButtonChange         
00005243  button_getButtonChangeBlocking 
00005179  button_init                    
0000388d  calloc                         
00005a25  copy_in                        
00005c41  copysign                       
00005c41  copysignl                      
20000f42  deg_end                        
20000f58  deg_smallest_obj               
20000f40  deg_start                      
20000f46  deg_width                      
20000f4c  distance_avg                   
20000f50  distance_count                 
20000f48  distance_total                 
20000f60  edge_count                     
20000f61  end_case                       
20000f94  errno                          
20000f2c  event_time                     
0000593d  exit                           
20000f30  falling_time                   
00005271  floor                          
00005271  floorl                         
000035d7  free                           
00005819  frexp                          
00005819  frexpl                         
20000000  g_pfnRAMVectors                
00000000  g_pfnVectors                   
00001cdd  getDegrees                     
00001a59  go_charge                      
0000457b  ir_getDistance                 
00005c8d  lcd_clear                      
00003e19  lcd_gotoLine                   
00003c81  lcd_init                       
00003e7f  lcd_printf                     
00003d41  lcd_putc                       
00003d79  lcd_puts                       
00003d97  lcd_sendCommand                
00003dd5  lcd_sendNibble                 
00003e41  lcd_setCursorPos               
0000507d  ldexp                          
0000507d  ldexpl                         
00005985  ltoa                           
00005ab9  main                           
20000f98  main_func_sp                   
0000356d  malloc                         
000037a1  memalign                       
00005baf  memccpy                        
00005425  memcpy                         
0000565d  memset                         
000034ed  minit                          
00004d8f  motor_init                     
00004dc3  move_servo                     
20000f3e  obj_count                      
20000f3f  obj_detection                  
20000f54  object_width                   
000013ad  oi_alloc                       
00001b83  oi_checkFirmware               
00001403  oi_close                       
000013b9  oi_free                        
000013ed  oi_init                        
000013c9  oi_init_noupdate               
000019ef  oi_loadSong                    
00005bcb  oi_parseInt                    
00001467  oi_parsePacket                 
00001a45  oi_play_song                   
00001969  oi_setLeds                     
000019ad  oi_setWheels                   
00001c39  oi_shutoff_init                
00001a67  oi_uartInit                    
00001b0b  oi_uartReceive                 
00001b51  oi_uartSendBuff                
00001aef  oi_uartSendChar                
00001b33  oi_uartSendStr                 
00001415  oi_update                      
000043df  ping_init                      
00004319  ping_read                      
00001e45  pow                            
00001e45  powl                           
00003699  realloc                        
20000f34  rising_time                    
0000507d  scalbn                         
0000507d  scalbnl                        
00003925  scan_action                    
20000f3c  scan_degrees                   
000038bd  scan_reset                     
00004373  send_pulse                     
00004f07  send_string                    
00004e01  servo_init                     
00002f29  sin                            
00002f29  sinl                           
20000f5c  smallest_obj_width             
0000587d  sprintf                        
000047b9  sqrt                           
000047b9  sqrtl                          
20000f39  state                          
00005c15  strchr                         
00005bfd  strcmp                         
00005c55  strcpy                         
00005c69  strlen                         
20000f44  temp_deg_end                   
000043b9  time2dist                      
00004d25  timer1B_init                   
00004ba5  timer_getClock                 
00004b59  timer_startClock               
00004af3  timer_startTimer               
00004bab  timer_stopClock                
00004b43  timer_stopTimer                
00004ac9  timer_waitMicros               
00004a95  timer_waitMillis               
00004ee1  uart_receive                   
00004f2f  uart_sendChar                  
000054c1  vsnprintf                      
000053c5  wifi_stop                      


GLOBAL SYMBOLS: SORTED BY Symbol Address 

address   name                           
-------   ----                           
00000000  __TI_static_base__             
00000000  g_pfnVectors                   
00000400  __STACK_SIZE                   
00000800  __SYSMEM_SIZE                  
00000ab1  __TI_printfi                   
000013ab  __mpu_init                     
000013ad  oi_alloc                       
000013b9  oi_free                        
000013c9  oi_init_noupdate               
000013ed  oi_init                        
00001403  oi_close                       
00001415  oi_update                      
00001467  oi_parsePacket                 
00001969  oi_setLeds                     
000019ad  oi_setWheels                   
000019ef  oi_loadSong                    
00001a45  oi_play_song                   
00001a59  go_charge                      
00001a67  oi_uartInit                    
00001aef  oi_uartSendChar                
00001b0b  oi_uartReceive                 
00001b33  oi_uartSendStr                 
00001b51  oi_uartSendBuff                
00001b83  oi_checkFirmware               
00001c39  oi_shutoff_init                
00001cab  GPIOF_Handler                  
00001cdd  getDegrees                     
00001e45  pow                            
00001e45  powl                           
000027f1  __kernel_rem_pio2              
00002f29  sin                            
00002f29  sinl                           
000034ed  minit                          
0000356d  malloc                         
000035d7  free                           
00003699  realloc                        
000037a1  memalign                       
0000388d  calloc                         
000038bd  scan_reset                     
00003925  scan_action                    
00003c81  lcd_init                       
00003d41  lcd_putc                       
00003d79  lcd_puts                       
00003d97  lcd_sendCommand                
00003dd5  lcd_sendNibble                 
00003e19  lcd_gotoLine                   
00003e41  lcd_setCursorPos               
00003e7f  lcd_printf                     
00003f6d  __aeabi_uldivmod               
00004161  __aeabi_dsub                   
0000416b  __aeabi_dadd                   
00004317  _system_post_cinit             
00004319  ping_read                      
00004335  TIMER3B_Handler                
00004373  send_pulse                     
000043b9  time2dist                      
000043df  ping_init                      
000044c5  adc_init                       
00004537  ADC_read                       
0000457b  ir_getDistance                 
00004645  __kernel_sin                   
000047b9  sqrt                           
000047b9  sqrtl                          
00004929  __kernel_cos                   
00004a95  timer_waitMillis               
00004ac9  timer_waitMicros               
00004af3  timer_startTimer               
00004b43  timer_stopTimer                
00004b59  timer_startClock               
00004ba5  timer_getClock                 
00004bab  timer_stopClock                
00004bed  __aeabi_ddiv                   
00004d25  timer1B_init                   
00004d8f  motor_init                     
00004dc3  move_servo                     
00004e01  servo_init                     
00004e59  UART_init                      
00004ee1  uart_receive                   
00004f07  send_string                    
00004f2f  uart_sendChar                  
00004f81  __aeabi_dmul                   
0000507d  ldexp                          
0000507d  ldexpl                         
0000507d  scalbn                         
0000507d  scalbnl                        
00005179  button_init                    
000051a5  button_checkButtons            
000051af  button_getButton               
00005205  button_getButtonBlocking       
00005219  button_getButtonChange         
00005243  button_getButtonChangeBlocking 
00005271  floor                          
00005271  floorl                         
00005369  WiFi_start                     
000053c5  wifi_stop                      
00005425  __aeabi_memcpy                 
00005425  __aeabi_memcpy4                
00005425  __aeabi_memcpy8                
00005425  memcpy                         
000054c1  vsnprintf                      
00005549  __aeabi_cdcmpeq                
00005549  __aeabi_cdcmple                
000055cf  __aeabi_cdrcmple               
00005655  __aeabi_memclr                 
00005655  __aeabi_memclr4                
00005655  __aeabi_memclr8                
00005657  __aeabi_memset                 
00005657  __aeabi_memset4                
00005657  __aeabi_memset8                
0000565d  memset                         
000056d1  __TI_auto_init                 
00005741  __aeabi_d2f                    
000057af  __TI_decompress_lzss           
00005819  frexp                          
00005819  frexpl                         
0000587d  sprintf                        
000058dd  _c_int00                       
00005931  C$$EXIT                        
00005935  abort                          
0000593d  exit                           
00005985  ltoa                           
000059d9  atoi                           
00005a25  copy_in                        
00005a71  __aeabi_d2iz                   
00005ab9  main                           
00005af5  __aeabi_f2d                    
00005b2d  IntRegister                    
00005b61  __aeabi_i2d                    
00005b8f  __aeabi_ui2d                   
00005baf  memccpy                        
00005bcb  oi_parseInt                    
00005be5  _args_main                     
00005bfd  strcmp                         
00005c15  strchr                         
00005c2d  _register_unlock               
00005c33  _register_lock                 
00005c3b  _nop                           
00005c41  copysign                       
00005c41  copysignl                      
00005c55  strcpy                         
00005c69  strlen                         
00005c7d  IntMasterEnable                
00005c8d  lcd_clear                      
00005c9d  __TI_decompress_none           
00005cab  CPUcpsie                       
00005cb7  __TI_zero_init                 
00005cc3  ResetISR                       
00005ccf  _system_pre_init               
00005e30  _ctypes_                       
00005fa8  __TI_Handler_Table_Base        
00005fb4  __TI_Handler_Table_Limit       
00005fc8  __TI_CINIT_Base                
00005fe0  __TI_CINIT_Limit               
20000000  g_pfnRAMVectors                
20000270  _sys_memory                    
20000a70  __stack                        
20000c70  __STACK_TOP                    
20000e70  __STACK_END                    
20000ec4  buffer                         
20000f2c  event_time                     
20000f30  falling_time                   
20000f34  rising_time                    
20000f38  _prevButton                    
20000f39  state                          
20000f3c  scan_degrees                   
20000f3e  obj_count                      
20000f3f  obj_detection                  
20000f40  deg_start                      
20000f42  deg_end                        
20000f44  temp_deg_end                   
20000f46  deg_width                      
20000f48  distance_total                 
20000f4c  distance_avg                   
20000f50  distance_count                 
20000f54  object_width                   
20000f58  deg_smallest_obj               
20000f5c  smallest_obj_width             
20000f60  edge_count                     
20000f61  end_case                       
20000f74  __TI_cleanup_ptr               
20000f78  __TI_dtors_ptr                 
20000f7c  __TI_enable_exit_profile_output
20000f8c  _lock                          
20000f90  _unlock                        
20000f94  errno                          
20000f98  main_func_sp                   
ffffffff  __TI_pprof_out_hndl            
ffffffff  __TI_prof_data_size            
ffffffff  __TI_prof_data_start           
ffffffff  __binit__                      
ffffffff  __c_args__                     
ffffffff  binit                          
UNDEFED   SHT$$INIT_ARRAY$$Base          
UNDEFED   SHT$$INIT_ARRAY$$Limit         

[194 symbols]
